mfrc522.c:7:15:SPI_transfer	16	static
mfrc522.c:19:9:Compare	24	static
mfrc522.c:32:9:MFRC522_Reset	8	static
mfrc522.c:53:9:MFRC522_Out_Reset	8	static
mfrc522.c:75:9:MFRC522_ReadRegister	24	static
mfrc522.c:88:9:MFRC522_Out_ReadRegister	24	static
mfrc522.c:102:6:MFRC522_WriteRegister	16	static
mfrc522.c:113:6:MFRC522_Out_WriteRegister	16	static
mfrc522.c:130:9:MFRC522_Request	48	static
mfrc522.c:149:9:MFRC522_Out_Request	48	static
mfrc522.c:173:9:MFRC522_Anticoll	48	static
mfrc522.c:203:9:MFRC522_Out_Anticoll	48	static
mfrc522.c:238:9:MFRC522_Select	48	static
mfrc522.c:267:9:MFRC522_Select_Out	48	static
mfrc522.c:301:9:MFRC522_AuthState	56	static
mfrc522.c:321:9:MFRC522_AuthState_Out	56	static
mfrc522.c:347:9:MFRC522_Read	48	static
mfrc522.c:369:9:MFRC522_Read_Out	48	static
mfrc522.c:397:9:MFRC522_Write	48	static
mfrc522.c:426:9:MFRC522_Write_Out	48	static
mfrc522.c:456:9:MFRC522_Value	48	static
mfrc522.c:499:9:MFRC522_BakValue	48	static
mfrc522.c:546:9:MFRC522_Halt	40	static
mfrc522.c:561:9:MFRC522_Out_Halt	40	static
mfrc522.c:577:6:CalulateCRC	40	static
mfrc522.c:602:6:CalulateCRCOut	40	static
mfrc522.c:628:6:SetBitMask	24	static
mfrc522.c:635:6:SetBitMaskOut	24	static
mfrc522.c:652:6:ClearBitMask	24	static
mfrc522.c:659:6:ClearBitMaskOut	24	static
mfrc522.c:668:9:MFRC522_ComMF522	40	static
mfrc522.c:746:9:MFRC522_ComMF522_Out	40	static
mfrc522.c:825:6:MFRC522_AntennaOn	16	static
mfrc522.c:833:6:MFRC522_Out_AntennaOn	16	static
mfrc522.c:842:6:MFRC522_AntennaOff	8	static
mfrc522.c:847:6:MFRC522_Out_AntennaOff	8	static
mfrc522.c:954:9:MFRC522_Check	24	static
mfrc522.c:963:9:MFRC522_Out_Check	24	static
