Archive member included to satisfy reference by file (symbol)

c:/st/stm32cubeide_1.8.0/stm32cubeide/plugins/com.st.stm32cube.ide.mcu.externaltools.gnu-tools-for-stm32.9-2020-q2-update.win32_2.0.0.202105311346/tools/bin/../lib/gcc/arm-none-eabi/9.3.1/../../../../arm-none-eabi/lib/thumb/v7e-m+fp/hard\libc_nano.a(lib_a-errno.o)
                              ./Core/Src/syscalls.o (__errno)
c:/st/stm32cubeide_1.8.0/stm32cubeide/plugins/com.st.stm32cube.ide.mcu.externaltools.gnu-tools-for-stm32.9-2020-q2-update.win32_2.0.0.202105311346/tools/bin/../lib/gcc/arm-none-eabi/9.3.1/../../../../arm-none-eabi/lib/thumb/v7e-m+fp/hard\libc_nano.a(lib_a-exit.o)
                              c:/st/stm32cubeide_1.8.0/stm32cubeide/plugins/com.st.stm32cube.ide.mcu.externaltools.gnu-tools-for-stm32.9-2020-q2-update.win32_2.0.0.202105311346/tools/bin/../lib/gcc/arm-none-eabi/9.3.1/../../../../arm-none-eabi/lib/thumb/v7e-m+fp/hard/crt0.o (exit)
c:/st/stm32cubeide_1.8.0/stm32cubeide/plugins/com.st.stm32cube.ide.mcu.externaltools.gnu-tools-for-stm32.9-2020-q2-update.win32_2.0.0.202105311346/tools/bin/../lib/gcc/arm-none-eabi/9.3.1/../../../../arm-none-eabi/lib/thumb/v7e-m+fp/hard\libc_nano.a(lib_a-impure.o)
                              c:/st/stm32cubeide_1.8.0/stm32cubeide/plugins/com.st.stm32cube.ide.mcu.externaltools.gnu-tools-for-stm32.9-2020-q2-update.win32_2.0.0.202105311346/tools/bin/../lib/gcc/arm-none-eabi/9.3.1/../../../../arm-none-eabi/lib/thumb/v7e-m+fp/hard\libc_nano.a(lib_a-exit.o) (_global_impure_ptr)
c:/st/stm32cubeide_1.8.0/stm32cubeide/plugins/com.st.stm32cube.ide.mcu.externaltools.gnu-tools-for-stm32.9-2020-q2-update.win32_2.0.0.202105311346/tools/bin/../lib/gcc/arm-none-eabi/9.3.1/../../../../arm-none-eabi/lib/thumb/v7e-m+fp/hard\libc_nano.a(lib_a-init.o)
                              c:/st/stm32cubeide_1.8.0/stm32cubeide/plugins/com.st.stm32cube.ide.mcu.externaltools.gnu-tools-for-stm32.9-2020-q2-update.win32_2.0.0.202105311346/tools/bin/../lib/gcc/arm-none-eabi/9.3.1/../../../../arm-none-eabi/lib/thumb/v7e-m+fp/hard/crt0.o (__libc_init_array)
c:/st/stm32cubeide_1.8.0/stm32cubeide/plugins/com.st.stm32cube.ide.mcu.externaltools.gnu-tools-for-stm32.9-2020-q2-update.win32_2.0.0.202105311346/tools/bin/../lib/gcc/arm-none-eabi/9.3.1/../../../../arm-none-eabi/lib/thumb/v7e-m+fp/hard\libc_nano.a(lib_a-memset.o)
                              c:/st/stm32cubeide_1.8.0/stm32cubeide/plugins/com.st.stm32cube.ide.mcu.externaltools.gnu-tools-for-stm32.9-2020-q2-update.win32_2.0.0.202105311346/tools/bin/../lib/gcc/arm-none-eabi/9.3.1/../../../../arm-none-eabi/lib/thumb/v7e-m+fp/hard/crt0.o (memset)
c:/st/stm32cubeide_1.8.0/stm32cubeide/plugins/com.st.stm32cube.ide.mcu.externaltools.gnu-tools-for-stm32.9-2020-q2-update.win32_2.0.0.202105311346/tools/bin/../lib/gcc/arm-none-eabi/9.3.1/../../../../arm-none-eabi/lib/thumb/v7e-m+fp/hard\libc_nano.a(lib_a-strlen.o)
                              ./Core/Src/mfrc522.o (strlen)
c:/st/stm32cubeide_1.8.0/stm32cubeide/plugins/com.st.stm32cube.ide.mcu.externaltools.gnu-tools-for-stm32.9-2020-q2-update.win32_2.0.0.202105311346/tools/bin/../lib/gcc/arm-none-eabi/9.3.1/thumb/v7e-m+fp/hard\libgcc.a(_aeabi_uldivmod.o)
                              ./Drivers/STM32F4xx_HAL_Driver/Src/stm32f4xx_hal_rcc.o (__aeabi_uldivmod)
c:/st/stm32cubeide_1.8.0/stm32cubeide/plugins/com.st.stm32cube.ide.mcu.externaltools.gnu-tools-for-stm32.9-2020-q2-update.win32_2.0.0.202105311346/tools/bin/../lib/gcc/arm-none-eabi/9.3.1/thumb/v7e-m+fp/hard\libgcc.a(_udivmoddi4.o)
                              c:/st/stm32cubeide_1.8.0/stm32cubeide/plugins/com.st.stm32cube.ide.mcu.externaltools.gnu-tools-for-stm32.9-2020-q2-update.win32_2.0.0.202105311346/tools/bin/../lib/gcc/arm-none-eabi/9.3.1/thumb/v7e-m+fp/hard\libgcc.a(_aeabi_uldivmod.o) (__udivmoddi4)
c:/st/stm32cubeide_1.8.0/stm32cubeide/plugins/com.st.stm32cube.ide.mcu.externaltools.gnu-tools-for-stm32.9-2020-q2-update.win32_2.0.0.202105311346/tools/bin/../lib/gcc/arm-none-eabi/9.3.1/thumb/v7e-m+fp/hard\libgcc.a(_dvmd_tls.o)
                              c:/st/stm32cubeide_1.8.0/stm32cubeide/plugins/com.st.stm32cube.ide.mcu.externaltools.gnu-tools-for-stm32.9-2020-q2-update.win32_2.0.0.202105311346/tools/bin/../lib/gcc/arm-none-eabi/9.3.1/thumb/v7e-m+fp/hard\libgcc.a(_aeabi_uldivmod.o) (__aeabi_ldiv0)

Allocating common symbols
Common symbol       size              file

hi2c1               0x54              ./Core/Src/i2c.o
hiwdg               0xc               ./Core/Src/iwdg.o
uwTick              0x4               ./Drivers/STM32F4xx_HAL_Driver/Src/stm32f4xx_hal.o
pFlash              0x20              ./Drivers/STM32F4xx_HAL_Driver/Src/stm32f4xx_hal_flash.o
serNum              0x4               ./Core/Src/main.o
htim11              0x48              ./Core/Src/main.o
c                   0x1               ./Core/Src/main.o
data                0x10              ./Core/Src/main.o
huart6              0x44              ./Core/Src/usart.o
[...]
Memory Configuration

Name             Origin             Length             Attributes
RAM              0x0000000020000000 0x0000000000020000 xrw
FLASH            0x0000000008000000 0x0000000000080000 xr
*default*        0x0000000000000000 0xffffffffffffffff

Linker script and memory map

LOAD c:/st/stm32cubeide_1.8.0/stm32cubeide/plugins/com.st.stm32cube.ide.mcu.externaltools.gnu-tools-for-stm32.9-2020-q2-update.win32_2.0.0.202105311346/tools/bin/../lib/gcc/arm-none-eabi/9.3.1/thumb/v7e-m+fp/hard/crti.o
LOAD c:/st/stm32cubeide_1.8.0/stm32cubeide/plugins/com.st.stm32cube.ide.mcu.externaltools.gnu-tools-for-stm32.9-2020-q2-update.win32_2.0.0.202105311346/tools/bin/../lib/gcc/arm-none-eabi/9.3.1/thumb/v7e-m+fp/hard/crtbegin.o
LOAD c:/st/stm32cubeide_1.8.0/stm32cubeide/plugins/com.st.stm32cube.ide.mcu.externaltools.gnu-tools-for-stm32.9-2020-q2-update.win32_2.0.0.202105311346/tools/bin/../lib/gcc/arm-none-eabi/9.3.1/../../../../arm-none-eabi/lib/thumb/v7e-m+fp/hard/crt0.o
LOAD ./Core/Src/gpio.o
LOAD ./Core/Src/i2c-lcd.o
LOAD ./Core/Src/i2c.o
LOAD ./Core/Src/iwdg.o
LOAD ./Core/Src/main.o
LOAD ./Core/Src/mfrc522.o
LOAD ./Core/Src/spi.o
LOAD ./Core/Src/stm32f4xx_hal_msp.o
LOAD ./Core/Src/stm32f4xx_it.o
LOAD ./Core/Src/syscalls.o
LOAD ./Core/Src/sysmem.o
LOAD ./Core/Src/system_stm32f4xx.o
LOAD ./Core/Src/tim.o
LOAD ./Core/Src/usart.o
LOAD ./Core/Startup/startup_stm32f411vetx.o
LOAD ./Drivers/STM32F4xx_HAL_Driver/Src/stm32f4xx_hal.o
LOAD ./Drivers/STM32F4xx_HAL_Driver/Src/stm32f4xx_hal_cortex.o
LOAD ./Drivers/STM32F4xx_HAL_Driver/Src/stm32f4xx_hal_dma.o
LOAD ./Drivers/STM32F4xx_HAL_Driver/Src/stm32f4xx_hal_dma_ex.o
LOAD ./Drivers/STM32F4xx_HAL_Driver/Src/stm32f4xx_hal_exti.o
LOAD ./Drivers/STM32F4xx_HAL_Driver/Src/stm32f4xx_hal_flash.o
LOAD ./Drivers/STM32F4xx_HAL_Driver/Src/stm32f4xx_hal_flash_ex.o
LOAD ./Drivers/STM32F4xx_HAL_Driver/Src/stm32f4xx_hal_flash_ramfunc.o
LOAD ./Drivers/STM32F4xx_HAL_Driver/Src/stm32f4xx_hal_gpio.o
LOAD ./Drivers/STM32F4xx_HAL_Driver/Src/stm32f4xx_hal_i2c.o
LOAD ./Drivers/STM32F4xx_HAL_Driver/Src/stm32f4xx_hal_i2c_ex.o
LOAD ./Drivers/STM32F4xx_HAL_Driver/Src/stm32f4xx_hal_iwdg.o
LOAD ./Drivers/STM32F4xx_HAL_Driver/Src/stm32f4xx_hal_pwr.o
LOAD ./Drivers/STM32F4xx_HAL_Driver/Src/stm32f4xx_hal_pwr_ex.o
LOAD ./Drivers/STM32F4xx_HAL_Driver/Src/stm32f4xx_hal_rcc.o
LOAD ./Drivers/STM32F4xx_HAL_Driver/Src/stm32f4xx_hal_rcc_ex.o
LOAD ./Drivers/STM32F4xx_HAL_Driver/Src/stm32f4xx_hal_spi.o
LOAD ./Drivers/STM32F4xx_HAL_Driver/Src/stm32f4xx_hal_tim.o
LOAD ./Drivers/STM32F4xx_HAL_Driver/Src/stm32f4xx_hal_tim_ex.o
LOAD ./Drivers/STM32F4xx_HAL_Driver/Src/stm32f4xx_hal_uart.o
START GROUP
LOAD c:/st/stm32cubeide_1.8.0/stm32cubeide/plugins/com.st.stm32cube.ide.mcu.externaltools.gnu-tools-for-stm32.9-2020-q2-update.win32_2.0.0.202105311346/tools/bin/../lib/gcc/arm-none-eabi/9.3.1/../../../../arm-none-eabi/lib/thumb/v7e-m+fp/hard\libc_nano.a
LOAD c:/st/stm32cubeide_1.8.0/stm32cubeide/plugins/com.st.stm32cube.ide.mcu.externaltools.gnu-tools-for-stm32.9-2020-q2-update.win32_2.0.0.202105311346/tools/bin/../lib/gcc/arm-none-eabi/9.3.1/../../../../arm-none-eabi/lib/thumb/v7e-m+fp/hard\libm.a
END GROUP
START GROUP
LOAD c:/st/stm32cubeide_1.8.0/stm32cubeide/plugins/com.st.stm32cube.ide.mcu.externaltools.gnu-tools-for-stm32.9-2020-q2-update.win32_2.0.0.202105311346/tools/bin/../lib/gcc/arm-none-eabi/9.3.1/thumb/v7e-m+fp/hard\libgcc.a
LOAD c:/st/stm32cubeide_1.8.0/stm32cubeide/plugins/com.st.stm32cube.ide.mcu.externaltools.gnu-tools-for-stm32.9-2020-q2-update.win32_2.0.0.202105311346/tools/bin/../lib/gcc/arm-none-eabi/9.3.1/../../../../arm-none-eabi/lib/thumb/v7e-m+fp/hard\libc_nano.a
END GROUP
START GROUP
LOAD c:/st/stm32cubeide_1.8.0/stm32cubeide/plugins/com.st.stm32cube.ide.mcu.externaltools.gnu-tools-for-stm32.9-2020-q2-update.win32_2.0.0.202105311346/tools/bin/../lib/gcc/arm-none-eabi/9.3.1/thumb/v7e-m+fp/hard\libgcc.a
LOAD c:/st/stm32cubeide_1.8.0/stm32cubeide/plugins/com.st.stm32cube.ide.mcu.externaltools.gnu-tools-for-stm32.9-2020-q2-update.win32_2.0.0.202105311346/tools/bin/../lib/gcc/arm-none-eabi/9.3.1/../../../../arm-none-eabi/lib/thumb/v7e-m+fp/hard\libc_nano.a
LOAD c:/st/stm32cubeide_1.8.0/stm32cubeide/plugins/com.st.stm32cube.ide.mcu.externaltools.gnu-tools-for-stm32.9-2020-q2-update.win32_2.0.0.202105311346/tools/bin/../lib/gcc/arm-none-eabi/9.3.1/../../../../arm-none-eabi/lib/thumb/v7e-m+fp/hard\libnosys.a
END GROUP
START GROUP
LOAD c:/st/stm32cubeide_1.8.0/stm32cubeide/plugins/com.st.stm32cube.ide.mcu.externaltools.gnu-tools-for-stm32.9-2020-q2-update.win32_2.0.0.202105311346/tools/bin/../lib/gcc/arm-none-eabi/9.3.1/thumb/v7e-m+fp/hard\libgcc.a
LOAD c:/st/stm32cubeide_1.8.0/stm32cubeide/plugins/com.st.stm32cube.ide.mcu.externaltools.gnu-tools-for-stm32.9-2020-q2-update.win32_2.0.0.202105311346/tools/bin/../lib/gcc/arm-none-eabi/9.3.1/../../../../arm-none-eabi/lib/thumb/v7e-m+fp/hard\libc_nano.a
LOAD c:/st/stm32cubeide_1.8.0/stm32cubeide/plugins/com.st.stm32cube.ide.mcu.externaltools.gnu-tools-for-stm32.9-2020-q2-update.win32_2.0.0.202105311346/tools/bin/../lib/gcc/arm-none-eabi/9.3.1/../../../../arm-none-eabi/lib/thumb/v7e-m+fp/hard\libnosys.a
END GROUP
LOAD c:/st/stm32cubeide_1.8.0/stm32cubeide/plugins/com.st.stm32cube.ide.mcu.externaltools.gnu-tools-for-stm32.9-2020-q2-update.win32_2.0.0.202105311346/tools/bin/../lib/gcc/arm-none-eabi/9.3.1/thumb/v7e-m+fp/hard/crtend.o
LOAD c:/st/stm32cubeide_1.8.0/stm32cubeide/plugins/com.st.stm32cube.ide.mcu.externaltools.gnu-tools-for-stm32.9-2020-q2-update.win32_2.0.0.202105311346/tools/bin/../lib/gcc/arm-none-eabi/9.3.1/thumb/v7e-m+fp/hard/crtn.o
                0x0000000020020000                _estack = (ORIGIN (RAM) + LENGTH (RAM))
                0x0000000000000200                _Min_Heap_Size = 0x200
                0x0000000000000400                _Min_Stack_Size = 0x400

.isr_vector     0x0000000008000000      0x198
                0x0000000008000000                . = ALIGN (0x4)
 *(.isr_vector)
 .isr_vector    0x0000000008000000      0x198 ./Core/Startup/startup_stm32f411vetx.o
                0x0000000008000000                g_pfnVectors
                0x0000000008000198                . = ALIGN (0x4)

.text           0x0000000008000198     0x4ebc
                0x0000000008000198                . = ALIGN (0x4)
 *(.text)
 .text          0x0000000008000198       0x40 c:/st/stm32cubeide_1.8.0/stm32cubeide/plugins/com.st.stm32cube.ide.mcu.externaltools.gnu-tools-for-stm32.9-2020-q2-update.win32_2.0.0.202105311346/tools/bin/../lib/gcc/arm-none-eabi/9.3.1/thumb/v7e-m+fp/hard/crtbegin.o
 .text          0x00000000080001d8       0x30 c:/st/stm32cubeide_1.8.0/stm32cubeide/plugins/com.st.stm32cube.ide.mcu.externaltools.gnu-tools-for-stm32.9-2020-q2-update.win32_2.0.0.202105311346/tools/bin/../lib/gcc/arm-none-eabi/9.3.1/thumb/v7e-m+fp/hard\libgcc.a(_aeabi_uldivmod.o)
                0x00000000080001d8                __aeabi_uldivmod
 .text          0x0000000008000208      0x2c4 c:/st/stm32cubeide_1.8.0/stm32cubeide/plugins/com.st.stm32cube.ide.mcu.externaltools.gnu-tools-for-stm32.9-2020-q2-update.win32_2.0.0.202105311346/tools/bin/../lib/gcc/arm-none-eabi/9.3.1/thumb/v7e-m+fp/hard\libgcc.a(_udivmoddi4.o)
                0x0000000008000208                __udivmoddi4
 .text          0x00000000080004cc        0x4 c:/st/stm32cubeide_1.8.0/stm32cubeide/plugins/com.st.stm32cube.ide.mcu.externaltools.gnu-tools-for-stm32.9-2020-q2-update.win32_2.0.0.202105311346/tools/bin/../lib/gcc/arm-none-eabi/9.3.1/thumb/v7e-m+fp/hard\libgcc.a(_dvmd_tls.o)
                0x00000000080004cc                __aeabi_idiv0
                0x00000000080004cc                __aeabi_ldiv0
 *(.text*)
 .text.MX_GPIO_Init
                0x00000000080004d0      0x1f0 ./Core/Src/gpio.o
                0x00000000080004d0                MX_GPIO_Init
 .text.lcd_send_cmd
                0x00000000080006c0       0x60 ./Core/Src/i2c-lcd.o
                0x00000000080006c0                lcd_send_cmd
 .text.lcd_send_data
                0x0000000008000720       0x60 ./Core/Src/i2c-lcd.o
                0x0000000008000720                lcd_send_data
 .text.lcd_clear
                0x0000000008000780       0x2e ./Core/Src/i2c-lcd.o
                0x0000000008000780                lcd_clear
 .text.lcd_put_cur
                0x00000000080007ae       0x3e ./Core/Src/i2c-lcd.o
                0x00000000080007ae                lcd_put_cur
 .text.lcd_init
                0x00000000080007ec       0x7a ./Core/Src/i2c-lcd.o
                0x00000000080007ec                lcd_init
 .text.lcd_send_string
                0x0000000008000866       0x2a ./Core/Src/i2c-lcd.o
                0x0000000008000866                lcd_send_string
 .text.MX_I2C1_Init
                0x0000000008000890       0x5c ./Core/Src/i2c.o
                0x0000000008000890                MX_I2C1_Init
 .text.HAL_I2C_MspInit
                0x00000000080008ec       0x90 ./Core/Src/i2c.o
                0x00000000080008ec                HAL_I2C_MspInit
 .text.main     0x000000000800097c      0x158 ./Core/Src/main.o
                0x000000000800097c                main
 .text.SystemClock_Config
                0x0000000008000ad4       0xd4 ./Core/Src/main.o
                0x0000000008000ad4                SystemClock_Config
 .text.delay_ms
                0x0000000008000ba8       0x3c ./Core/Src/main.o
                0x0000000008000ba8                delay_ms
 .text.Buzzer_Announ
                0x0000000008000be4       0x34 ./Core/Src/main.o
                0x0000000008000be4                Buzzer_Announ
 .text.HAL_GPIO_EXTI_Callback
                0x0000000008000c18       0x7c ./Core/Src/main.o
                0x0000000008000c18                HAL_GPIO_EXTI_Callback
 .text.clear_numData
                0x0000000008000c94       0x34 ./Core/Src/main.o
                0x0000000008000c94                clear_numData
 .text.Check    0x0000000008000cc8       0xe8 ./Core/Src/main.o
                0x0000000008000cc8                Check
 .text.Error_Handler
                0x0000000008000db0        0xa ./Core/Src/main.o
                0x0000000008000db0                Error_Handler
 *fill*         0x0000000008000dba        0x2 
 .text.SPI_transfer
                0x0000000008000dbc       0x50 ./Core/Src/mfrc522.o
                0x0000000008000dbc                SPI_transfer
 .text.MFRC522_Reset
                0x0000000008000e0c       0x7c ./Core/Src/mfrc522.o
                0x0000000008000e0c                MFRC522_Reset
 .text.MFRC522_Out_Reset
                0x0000000008000e88       0x7c ./Core/Src/mfrc522.o
                0x0000000008000e88                MFRC522_Out_Reset
 .text.MFRC522_ReadRegister
                0x0000000008000f04       0x5c ./Core/Src/mfrc522.o
                0x0000000008000f04                MFRC522_ReadRegister
 .text.MFRC522_Out_ReadRegister
                0x0000000008000f60       0x5c ./Core/Src/mfrc522.o
                0x0000000008000f60                MFRC522_Out_ReadRegister
 .text.MFRC522_WriteRegister
                0x0000000008000fbc       0x58 ./Core/Src/mfrc522.o
                0x0000000008000fbc                MFRC522_WriteRegister
 .text.MFRC522_Out_WriteRegister
                0x0000000008001014       0x58 ./Core/Src/mfrc522.o
                0x0000000008001014                MFRC522_Out_WriteRegister
 .text.MFRC522_Request
                0x000000000800106c       0x6c ./Core/Src/mfrc522.o
                0x000000000800106c                MFRC522_Request
 .text.MFRC522_Out_Request
                0x00000000080010d8       0x6c ./Core/Src/mfrc522.o
                0x00000000080010d8                MFRC522_Out_Request
 .text.MFRC522_Anticoll
                0x0000000008001144       0xae ./Core/Src/mfrc522.o
                0x0000000008001144                MFRC522_Anticoll
 .text.MFRC522_Out_Anticoll
                0x00000000080011f2       0xae ./Core/Src/mfrc522.o
                0x00000000080011f2                MFRC522_Out_Anticoll
 .text.MFRC522_Select
                0x00000000080012a0       0xa2 ./Core/Src/mfrc522.o
                0x00000000080012a0                MFRC522_Select
 .text.MFRC522_Select_Out
                0x0000000008001342       0xa2 ./Core/Src/mfrc522.o
                0x0000000008001342                MFRC522_Select_Out
 .text.MFRC522_AuthState
                0x00000000080013e4       0xca ./Core/Src/mfrc522.o
                0x00000000080013e4                MFRC522_AuthState
 .text.MFRC522_AuthState_Out
                0x00000000080014ae       0xca ./Core/Src/mfrc522.o
                0x00000000080014ae                MFRC522_AuthState_Out
 .text.MFRC522_Read
                0x0000000008001578       0x84 ./Core/Src/mfrc522.o
                0x0000000008001578                MFRC522_Read
 .text.MFRC522_Read_Out
                0x00000000080015fc       0x84 ./Core/Src/mfrc522.o
                0x00000000080015fc                MFRC522_Read_Out
 .text.MFRC522_Write
                0x0000000008001680       0xdc ./Core/Src/mfrc522.o
                0x0000000008001680                MFRC522_Write
 .text.CalulateCRC
                0x000000000800175c       0x9a ./Core/Src/mfrc522.o
                0x000000000800175c                CalulateCRC
 .text.CalulateCRCOut
                0x00000000080017f6       0x9a ./Core/Src/mfrc522.o
                0x00000000080017f6                CalulateCRCOut
 .text.SetBitMask
                0x0000000008001890       0x3a ./Core/Src/mfrc522.o
                0x0000000008001890                SetBitMask
 .text.SetBitMaskOut
                0x00000000080018ca       0x3a ./Core/Src/mfrc522.o
                0x00000000080018ca                SetBitMaskOut
 .text.ClearBitMask
                0x0000000008001904       0x44 ./Core/Src/mfrc522.o
                0x0000000008001904                ClearBitMask
 .text.ClearBitMaskOut
                0x0000000008001948       0x44 ./Core/Src/mfrc522.o
                0x0000000008001948                ClearBitMaskOut
 .text.MFRC522_ComMF522
                0x000000000800198c      0x1ae ./Core/Src/mfrc522.o
                0x000000000800198c                MFRC522_ComMF522
 .text.MFRC522_ComMF522_Out
                0x0000000008001b3a      0x1ae ./Core/Src/mfrc522.o
                0x0000000008001b3a                MFRC522_ComMF522_Out
 .text.MFRC522_AntennaOn
                0x0000000008001ce8       0x2a ./Core/Src/mfrc522.o
                0x0000000008001ce8                MFRC522_AntennaOn
 .text.MFRC522_Out_AntennaOn
                0x0000000008001d12       0x2a ./Core/Src/mfrc522.o
                0x0000000008001d12                MFRC522_Out_AntennaOn
 .text.MX_SPI1_Init
                0x0000000008001d3c       0x78 ./Core/Src/spi.o
                0x0000000008001d3c                MX_SPI1_Init
 .text.HAL_SPI_MspInit
                0x0000000008001db4       0xa0 ./Core/Src/spi.o
                0x0000000008001db4                HAL_SPI_MspInit
 .text.HAL_MspInit
                0x0000000008001e54       0x50 ./Core/Src/stm32f4xx_hal_msp.o
                0x0000000008001e54                HAL_MspInit
 .text.NMI_Handler
                0x0000000008001ea4        0x6 ./Core/Src/stm32f4xx_it.o
                0x0000000008001ea4                NMI_Handler
 .text.HardFault_Handler
                0x0000000008001eaa        0x6 ./Core/Src/stm32f4xx_it.o
                0x0000000008001eaa                HardFault_Handler
 .text.MemManage_Handler
                0x0000000008001eb0        0x6 ./Core/Src/stm32f4xx_it.o
                0x0000000008001eb0                MemManage_Handler
 .text.BusFault_Handler
                0x0000000008001eb6        0x6 ./Core/Src/stm32f4xx_it.o
                0x0000000008001eb6                BusFault_Handler
 .text.UsageFault_Handler
                0x0000000008001ebc        0x6 ./Core/Src/stm32f4xx_it.o
                0x0000000008001ebc                UsageFault_Handler
 .text.SVC_Handler
                0x0000000008001ec2        0xe ./Core/Src/stm32f4xx_it.o
                0x0000000008001ec2                SVC_Handler
 .text.DebugMon_Handler
                0x0000000008001ed0        0xe ./Core/Src/stm32f4xx_it.o
                0x0000000008001ed0                DebugMon_Handler
 .text.PendSV_Handler
                0x0000000008001ede        0xe ./Core/Src/stm32f4xx_it.o
                0x0000000008001ede                PendSV_Handler
 .text.SysTick_Handler
                0x0000000008001eec        0xc ./Core/Src/stm32f4xx_it.o
                0x0000000008001eec                SysTick_Handler
 .text.EXTI1_IRQHandler
                0x0000000008001ef8        0xe ./Core/Src/stm32f4xx_it.o
                0x0000000008001ef8                EXTI1_IRQHandler
 .text.EXTI2_IRQHandler
                0x0000000008001f06        0xe ./Core/Src/stm32f4xx_it.o
                0x0000000008001f06                EXTI2_IRQHandler
 .text.EXTI9_5_IRQHandler
                0x0000000008001f14        0xe ./Core/Src/stm32f4xx_it.o
                0x0000000008001f14                EXTI9_5_IRQHandler
 *fill*         0x0000000008001f22        0x2 
 .text.TIM1_TRG_COM_TIM11_IRQHandler
                0x0000000008001f24       0x14 ./Core/Src/stm32f4xx_it.o
                0x0000000008001f24                TIM1_TRG_COM_TIM11_IRQHandler
 .text.EXTI15_10_IRQHandler
                0x0000000008001f38       0x18 ./Core/Src/stm32f4xx_it.o
                0x0000000008001f38                EXTI15_10_IRQHandler
 .text.SystemInit
                0x0000000008001f50       0x24 ./Core/Src/system_stm32f4xx.o
                0x0000000008001f50                SystemInit
 .text.MX_TIM2_Init
                0x0000000008001f74      0x104 ./Core/Src/tim.o
                0x0000000008001f74                MX_TIM2_Init
 .text.MX_TIM11_Init
                0x0000000008002078       0x48 ./Core/Src/tim.o
                0x0000000008002078                MX_TIM11_Init
 .text.HAL_TIM_Base_MspInit
                0x00000000080020c0       0x78 ./Core/Src/tim.o
                0x00000000080020c0                HAL_TIM_Base_MspInit
 .text.HAL_TIM_MspPostInit
                0x0000000008002138       0x70 ./Core/Src/tim.o
                0x0000000008002138                HAL_TIM_MspPostInit
 .text.MX_USART6_UART_Init
                0x00000000080021a8       0x54 ./Core/Src/usart.o
                0x00000000080021a8                MX_USART6_UART_Init
 .text.HAL_UART_MspInit
                0x00000000080021fc       0x90 ./Core/Src/usart.o
                0x00000000080021fc                HAL_UART_MspInit
 .text.Reset_Handler
                0x000000000800228c       0x50 ./Core/Startup/startup_stm32f411vetx.o
                0x000000000800228c                Reset_Handler
 .text.Default_Handler
                0x00000000080022dc        0x2 ./Core/Startup/startup_stm32f411vetx.o
                0x00000000080022dc                RTC_Alarm_IRQHandler
                0x00000000080022dc                SPI4_IRQHandler
                0x00000000080022dc                TIM1_CC_IRQHandler
                0x00000000080022dc                DMA2_Stream5_IRQHandler
                0x00000000080022dc                DMA1_Stream5_IRQHandler
                0x00000000080022dc                PVD_IRQHandler
                0x00000000080022dc                SDIO_IRQHandler
                0x00000000080022dc                TAMP_STAMP_IRQHandler
                0x00000000080022dc                EXTI3_IRQHandler
                0x00000000080022dc                TIM1_UP_TIM10_IRQHandler
                0x00000000080022dc                I2C3_ER_IRQHandler
                0x00000000080022dc                EXTI0_IRQHandler
                0x00000000080022dc                I2C2_EV_IRQHandler
                0x00000000080022dc                DMA1_Stream2_IRQHandler
                0x00000000080022dc                FPU_IRQHandler
                0x00000000080022dc                DMA2_Stream2_IRQHandler
                0x00000000080022dc                SPI1_IRQHandler
                0x00000000080022dc                TIM1_BRK_TIM9_IRQHandler
                0x00000000080022dc                DMA2_Stream3_IRQHandler
                0x00000000080022dc                USART6_IRQHandler
                0x00000000080022dc                DMA2_Stream0_IRQHandler
                0x00000000080022dc                TIM4_IRQHandler
                0x00000000080022dc                I2C1_EV_IRQHandler
                0x00000000080022dc                DMA1_Stream6_IRQHandler
                0x00000000080022dc                DMA1_Stream1_IRQHandler
                0x00000000080022dc                TIM3_IRQHandler
                0x00000000080022dc                RCC_IRQHandler
                0x00000000080022dc                Default_Handler
                0x00000000080022dc                ADC_IRQHandler
                0x00000000080022dc                DMA1_Stream7_IRQHandler
                0x00000000080022dc                SPI5_IRQHandler
                0x00000000080022dc                TIM5_IRQHandler
                0x00000000080022dc                DMA2_Stream7_IRQHandler
                0x00000000080022dc                I2C3_EV_IRQHandler
                0x00000000080022dc                RTC_WKUP_IRQHandler
                0x00000000080022dc                SPI2_IRQHandler
                0x00000000080022dc                DMA1_Stream0_IRQHandler
                0x00000000080022dc                EXTI4_IRQHandler
                0x00000000080022dc                WWDG_IRQHandler
                0x00000000080022dc                TIM2_IRQHandler
                0x00000000080022dc                OTG_FS_WKUP_IRQHandler
                0x00000000080022dc                USART2_IRQHandler
                0x00000000080022dc                I2C2_ER_IRQHandler
                0x00000000080022dc                DMA2_Stream1_IRQHandler
                0x00000000080022dc                FLASH_IRQHandler
                0x00000000080022dc                DMA2_Stream4_IRQHandler
                0x00000000080022dc                USART1_IRQHandler
                0x00000000080022dc                OTG_FS_IRQHandler
                0x00000000080022dc                SPI3_IRQHandler
                0x00000000080022dc                DMA1_Stream4_IRQHandler
                0x00000000080022dc                I2C1_ER_IRQHandler
                0x00000000080022dc                DMA2_Stream6_IRQHandler
                0x00000000080022dc                DMA1_Stream3_IRQHandler
 *fill*         0x00000000080022de        0x2 
 .text.HAL_Init
                0x00000000080022e0       0x44 ./Drivers/STM32F4xx_HAL_Driver/Src/stm32f4xx_hal.o
                0x00000000080022e0                HAL_Init
 .text.HAL_InitTick
                0x0000000008002324       0x60 ./Drivers/STM32F4xx_HAL_Driver/Src/stm32f4xx_hal.o
                0x0000000008002324                HAL_InitTick
 .text.HAL_IncTick
                0x0000000008002384       0x28 ./Drivers/STM32F4xx_HAL_Driver/Src/stm32f4xx_hal.o
                0x0000000008002384                HAL_IncTick
 .text.HAL_GetTick
                0x00000000080023ac       0x18 ./Drivers/STM32F4xx_HAL_Driver/Src/stm32f4xx_hal.o
                0x00000000080023ac                HAL_GetTick
 .text.HAL_Delay
                0x00000000080023c4       0x48 ./Drivers/STM32F4xx_HAL_Driver/Src/stm32f4xx_hal.o
                0x00000000080023c4                HAL_Delay
 .text.__NVIC_SetPriorityGrouping
                0x000000000800240c       0x48 ./Drivers/STM32F4xx_HAL_Driver/Src/stm32f4xx_hal_cortex.o
 .text.__NVIC_GetPriorityGrouping
                0x0000000008002454       0x1c ./Drivers/STM32F4xx_HAL_Driver/Src/stm32f4xx_hal_cortex.o
 .text.__NVIC_EnableIRQ
                0x0000000008002470       0x3c ./Drivers/STM32F4xx_HAL_Driver/Src/stm32f4xx_hal_cortex.o
 .text.__NVIC_SetPriority
                0x00000000080024ac       0x54 ./Drivers/STM32F4xx_HAL_Driver/Src/stm32f4xx_hal_cortex.o
 .text.NVIC_EncodePriority
                0x0000000008002500       0x66 ./Drivers/STM32F4xx_HAL_Driver/Src/stm32f4xx_hal_cortex.o
 *fill*         0x0000000008002566        0x2 
 .text.SysTick_Config
                0x0000000008002568       0x44 ./Drivers/STM32F4xx_HAL_Driver/Src/stm32f4xx_hal_cortex.o
 .text.HAL_NVIC_SetPriorityGrouping
                0x00000000080025ac       0x16 ./Drivers/STM32F4xx_HAL_Driver/Src/stm32f4xx_hal_cortex.o
                0x00000000080025ac                HAL_NVIC_SetPriorityGrouping
 .text.HAL_NVIC_SetPriority
                0x00000000080025c2       0x38 ./Drivers/STM32F4xx_HAL_Driver/Src/stm32f4xx_hal_cortex.o
                0x00000000080025c2                HAL_NVIC_SetPriority
 .text.HAL_NVIC_EnableIRQ
                0x00000000080025fa       0x1c ./Drivers/STM32F4xx_HAL_Driver/Src/stm32f4xx_hal_cortex.o
                0x00000000080025fa                HAL_NVIC_EnableIRQ
 .text.HAL_SYSTICK_Config
                0x0000000008002616       0x18 ./Drivers/STM32F4xx_HAL_Driver/Src/stm32f4xx_hal_cortex.o
                0x0000000008002616                HAL_SYSTICK_Config
 *fill*         0x000000000800262e        0x2 
 .text.HAL_GPIO_Init
                0x0000000008002630      0x308 ./Drivers/STM32F4xx_HAL_Driver/Src/stm32f4xx_hal_gpio.o
                0x0000000008002630                HAL_GPIO_Init
 .text.HAL_GPIO_WritePin
                0x0000000008002938       0x32 ./Drivers/STM32F4xx_HAL_Driver/Src/stm32f4xx_hal_gpio.o
                0x0000000008002938                HAL_GPIO_WritePin
 *fill*         0x000000000800296a        0x2 
 .text.HAL_GPIO_EXTI_IRQHandler
                0x000000000800296c       0x30 ./Drivers/STM32F4xx_HAL_Driver/Src/stm32f4xx_hal_gpio.o
                0x000000000800296c                HAL_GPIO_EXTI_IRQHandler
 .text.HAL_I2C_Init
                0x000000000800299c      0x288 ./Drivers/STM32F4xx_HAL_Driver/Src/stm32f4xx_hal_i2c.o
                0x000000000800299c                HAL_I2C_Init
 .text.HAL_I2C_Master_Transmit
                0x0000000008002c24      0x1fc ./Drivers/STM32F4xx_HAL_Driver/Src/stm32f4xx_hal_i2c.o
                0x0000000008002c24                HAL_I2C_Master_Transmit
 .text.I2C_MasterRequestWrite
                0x0000000008002e20      0x104 ./Drivers/STM32F4xx_HAL_Driver/Src/stm32f4xx_hal_i2c.o
 .text.I2C_WaitOnFlagUntilTimeout
                0x0000000008002f24       0xae ./Drivers/STM32F4xx_HAL_Driver/Src/stm32f4xx_hal_i2c.o
 .text.I2C_WaitOnMasterAddressFlagUntilTimeout
                0x0000000008002fd2       0xfe ./Drivers/STM32F4xx_HAL_Driver/Src/stm32f4xx_hal_i2c.o
 .text.I2C_WaitOnTXEFlagUntilTimeout
                0x00000000080030d0       0x82 ./Drivers/STM32F4xx_HAL_Driver/Src/stm32f4xx_hal_i2c.o
 .text.I2C_WaitOnBTFFlagUntilTimeout
                0x0000000008003152       0x82 ./Drivers/STM32F4xx_HAL_Driver/Src/stm32f4xx_hal_i2c.o
 .text.I2C_IsAcknowledgeFailed
                0x00000000080031d4       0x5e ./Drivers/STM32F4xx_HAL_Driver/Src/stm32f4xx_hal_i2c.o
 *fill*         0x0000000008003232        0x2 
 .text.HAL_RCC_OscConfig
                0x0000000008003234      0x4f0 ./Drivers/STM32F4xx_HAL_Driver/Src/stm32f4xx_hal_rcc.o
                0x0000000008003234                HAL_RCC_OscConfig
 .text.HAL_RCC_ClockConfig
                0x0000000008003724      0x1cc ./Drivers/STM32F4xx_HAL_Driver/Src/stm32f4xx_hal_rcc.o
                0x0000000008003724                HAL_RCC_ClockConfig
 .text.HAL_RCC_GetSysClockFreq
                0x00000000080038f0      0x1c4 ./Drivers/STM32F4xx_HAL_Driver/Src/stm32f4xx_hal_rcc.o
                0x00000000080038f0                HAL_RCC_GetSysClockFreq
 .text.HAL_RCC_GetHCLKFreq
                0x0000000008003ab4       0x18 ./Drivers/STM32F4xx_HAL_Driver/Src/stm32f4xx_hal_rcc.o
                0x0000000008003ab4                HAL_RCC_GetHCLKFreq
 .text.HAL_RCC_GetPCLK1Freq
                0x0000000008003acc       0x28 ./Drivers/STM32F4xx_HAL_Driver/Src/stm32f4xx_hal_rcc.o
                0x0000000008003acc                HAL_RCC_GetPCLK1Freq
 .text.HAL_RCC_GetPCLK2Freq
                0x0000000008003af4       0x28 ./Drivers/STM32F4xx_HAL_Driver/Src/stm32f4xx_hal_rcc.o
                0x0000000008003af4                HAL_RCC_GetPCLK2Freq
 .text.HAL_SPI_Init
                0x0000000008003b1c      0x112 ./Drivers/STM32F4xx_HAL_Driver/Src/stm32f4xx_hal_spi.o
                0x0000000008003b1c                HAL_SPI_Init
 .text.HAL_TIM_Base_Init
                0x0000000008003c2e       0x9e ./Drivers/STM32F4xx_HAL_Driver/Src/stm32f4xx_hal_tim.o
                0x0000000008003c2e                HAL_TIM_Base_Init
 .text.HAL_TIM_Base_Start
                0x0000000008003ccc       0xb4 ./Drivers/STM32F4xx_HAL_Driver/Src/stm32f4xx_hal_tim.o
                0x0000000008003ccc                HAL_TIM_Base_Start
 .text.HAL_TIM_PWM_Init
                0x0000000008003d80       0x9e ./Drivers/STM32F4xx_HAL_Driver/Src/stm32f4xx_hal_tim.o
                0x0000000008003d80                HAL_TIM_PWM_Init
 .text.HAL_TIM_PWM_MspInit
                0x0000000008003e1e       0x14 ./Drivers/STM32F4xx_HAL_Driver/Src/stm32f4xx_hal_tim.o
                0x0000000008003e1e                HAL_TIM_PWM_MspInit
 *fill*         0x0000000008003e32        0x2 
 .text.HAL_TIM_PWM_Start
                0x0000000008003e34      0x160 ./Drivers/STM32F4xx_HAL_Driver/Src/stm32f4xx_hal_tim.o
                0x0000000008003e34                HAL_TIM_PWM_Start
 .text.HAL_TIM_IRQHandler
                0x0000000008003f94      0x210 ./Drivers/STM32F4xx_HAL_Driver/Src/stm32f4xx_hal_tim.o
                0x0000000008003f94                HAL_TIM_IRQHandler
 .text.HAL_TIM_PWM_ConfigChannel
                0x00000000080041a4      0x184 ./Drivers/STM32F4xx_HAL_Driver/Src/stm32f4xx_hal_tim.o
                0x00000000080041a4                HAL_TIM_PWM_ConfigChannel
 .text.HAL_TIM_ConfigClockSource
                0x0000000008004328      0x18e ./Drivers/STM32F4xx_HAL_Driver/Src/stm32f4xx_hal_tim.o
                0x0000000008004328                HAL_TIM_ConfigClockSource
 .text.HAL_TIM_PeriodElapsedCallback
                0x00000000080044b6       0x14 ./Drivers/STM32F4xx_HAL_Driver/Src/stm32f4xx_hal_tim.o
                0x00000000080044b6                HAL_TIM_PeriodElapsedCallback
 .text.HAL_TIM_OC_DelayElapsedCallback
                0x00000000080044ca       0x14 ./Drivers/STM32F4xx_HAL_Driver/Src/stm32f4xx_hal_tim.o
                0x00000000080044ca                HAL_TIM_OC_DelayElapsedCallback
 .text.HAL_TIM_IC_CaptureCallback
                0x00000000080044de       0x14 ./Drivers/STM32F4xx_HAL_Driver/Src/stm32f4xx_hal_tim.o
                0x00000000080044de                HAL_TIM_IC_CaptureCallback
 .text.HAL_TIM_PWM_PulseFinishedCallback
                0x00000000080044f2       0x14 ./Drivers/STM32F4xx_HAL_Driver/Src/stm32f4xx_hal_tim.o
                0x00000000080044f2                HAL_TIM_PWM_PulseFinishedCallback
 .text.HAL_TIM_TriggerCallback
                0x0000000008004506       0x14 ./Drivers/STM32F4xx_HAL_Driver/Src/stm32f4xx_hal_tim.o
                0x0000000008004506                HAL_TIM_TriggerCallback
 *fill*         0x000000000800451a        0x2 
 .text.TIM_Base_SetConfig
                0x000000000800451c      0x100 ./Drivers/STM32F4xx_HAL_Driver/Src/stm32f4xx_hal_tim.o
                0x000000000800451c                TIM_Base_SetConfig
 .text.TIM_OC1_SetConfig
                0x000000000800461c       0xcc ./Drivers/STM32F4xx_HAL_Driver/Src/stm32f4xx_hal_tim.o
 .text.TIM_OC2_SetConfig
                0x00000000080046e8       0xd8 ./Drivers/STM32F4xx_HAL_Driver/Src/stm32f4xx_hal_tim.o
                0x00000000080046e8                TIM_OC2_SetConfig
 .text.TIM_OC3_SetConfig
                0x00000000080047c0       0xd4 ./Drivers/STM32F4xx_HAL_Driver/Src/stm32f4xx_hal_tim.o
 .text.TIM_OC4_SetConfig
                0x0000000008004894       0xa0 ./Drivers/STM32F4xx_HAL_Driver/Src/stm32f4xx_hal_tim.o
 .text.TIM_TI1_ConfigInputStage
                0x0000000008004934       0x5e ./Drivers/STM32F4xx_HAL_Driver/Src/stm32f4xx_hal_tim.o
 .text.TIM_TI2_ConfigInputStage
                0x0000000008004992       0x60 ./Drivers/STM32F4xx_HAL_Driver/Src/stm32f4xx_hal_tim.o
 .text.TIM_ITRx_SetConfig
                0x00000000080049f2       0x36 ./Drivers/STM32F4xx_HAL_Driver/Src/stm32f4xx_hal_tim.o
 .text.TIM_ETR_SetConfig
                0x0000000008004a28       0x40 ./Drivers/STM32F4xx_HAL_Driver/Src/stm32f4xx_hal_tim.o
                0x0000000008004a28                TIM_ETR_SetConfig
 .text.TIM_CCxChannelCmd
                0x0000000008004a68       0x4a ./Drivers/STM32F4xx_HAL_Driver/Src/stm32f4xx_hal_tim.o
                0x0000000008004a68                TIM_CCxChannelCmd
 *fill*         0x0000000008004ab2        0x2 
 .text.HAL_TIMEx_MasterConfigSynchronization
                0x0000000008004ab4       0xdc ./Drivers/STM32F4xx_HAL_Driver/Src/stm32f4xx_hal_tim_ex.o
                0x0000000008004ab4                HAL_TIMEx_MasterConfigSynchronization
 .text.HAL_TIMEx_CommutCallback
                0x0000000008004b90       0x14 ./Drivers/STM32F4xx_HAL_Driver/Src/stm32f4xx_hal_tim_ex.o
                0x0000000008004b90                HAL_TIMEx_CommutCallback
 .text.HAL_TIMEx_BreakCallback
                0x0000000008004ba4       0x14 ./Drivers/STM32F4xx_HAL_Driver/Src/stm32f4xx_hal_tim_ex.o
                0x0000000008004ba4                HAL_TIMEx_BreakCallback
 .text.HAL_UART_Init
                0x0000000008004bb8       0x9a ./Drivers/STM32F4xx_HAL_Driver/Src/stm32f4xx_hal_uart.o
                0x0000000008004bb8                HAL_UART_Init
 *fill*         0x0000000008004c52        0x2 
 .text.UART_SetConfig
                0x0000000008004c54      0x390 ./Drivers/STM32F4xx_HAL_Driver/Src/stm32f4xx_hal_uart.o
 .text.__libc_init_array
                0x0000000008004fe4       0x48 c:/st/stm32cubeide_1.8.0/stm32cubeide/plugins/com.st.stm32cube.ide.mcu.externaltools.gnu-tools-for-stm32.9-2020-q2-update.win32_2.0.0.202105311346/tools/bin/../lib/gcc/arm-none-eabi/9.3.1/../../../../arm-none-eabi/lib/thumb/v7e-m+fp/hard\libc_nano.a(lib_a-init.o)
                0x0000000008004fe4                __libc_init_array
 .text.memset   0x000000000800502c       0x10 c:/st/stm32cubeide_1.8.0/stm32cubeide/plugins/com.st.stm32cube.ide.mcu.externaltools.gnu-tools-for-stm32.9-2020-q2-update.win32_2.0.0.202105311346/tools/bin/../lib/gcc/arm-none-eabi/9.3.1/../../../../arm-none-eabi/lib/thumb/v7e-m+fp/hard\libc_nano.a(lib_a-memset.o)
                0x000000000800502c                memset
 *(.glue_7)
 .glue_7        0x000000000800503c        0x0 linker stubs
 *(.glue_7t)
 .glue_7t       0x000000000800503c        0x0 linker stubs
 *(.eh_frame)
 .eh_frame      0x000000000800503c        0x0 c:/st/stm32cubeide_1.8.0/stm32cubeide/plugins/com.st.stm32cube.ide.mcu.externaltools.gnu-tools-for-stm32.9-2020-q2-update.win32_2.0.0.202105311346/tools/bin/../lib/gcc/arm-none-eabi/9.3.1/thumb/v7e-m+fp/hard/crtbegin.o
 *(.init)
 .init          0x000000000800503c        0x4 c:/st/stm32cubeide_1.8.0/stm32cubeide/plugins/com.st.stm32cube.ide.mcu.externaltools.gnu-tools-for-stm32.9-2020-q2-update.win32_2.0.0.202105311346/tools/bin/../lib/gcc/arm-none-eabi/9.3.1/thumb/v7e-m+fp/hard/crti.o
                0x000000000800503c                _init
 .init          0x0000000008005040        0x8 c:/st/stm32cubeide_1.8.0/stm32cubeide/plugins/com.st.stm32cube.ide.mcu.externaltools.gnu-tools-for-stm32.9-2020-q2-update.win32_2.0.0.202105311346/tools/bin/../lib/gcc/arm-none-eabi/9.3.1/thumb/v7e-m+fp/hard/crtn.o
 *(.fini)
 .fini          0x0000000008005048        0x4 c:/st/stm32cubeide_1.8.0/stm32cubeide/plugins/com.st.stm32cube.ide.mcu.externaltools.gnu-tools-for-stm32.9-2020-q2-update.win32_2.0.0.202105311346/tools/bin/../lib/gcc/arm-none-eabi/9.3.1/thumb/v7e-m+fp/hard/crti.o
                0x0000000008005048                _fini
 .fini          0x000000000800504c        0x8 c:/st/stm32cubeide_1.8.0/stm32cubeide/plugins/com.st.stm32cube.ide.mcu.externaltools.gnu-tools-for-stm32.9-2020-q2-update.win32_2.0.0.202105311346/tools/bin/../lib/gcc/arm-none-eabi/9.3.1/thumb/v7e-m+fp/hard/crtn.o
                0x0000000008005054                . = ALIGN (0x4)
                0x0000000008005054                _etext = .

.vfp11_veneer   0x0000000008005054        0x0
 .vfp11_veneer  0x0000000008005054        0x0 linker stubs

.v4_bx          0x0000000008005054        0x0
 .v4_bx         0x0000000008005054        0x0 linker stubs

.iplt           0x0000000008005054        0x0
 .iplt          0x0000000008005054        0x0 c:/st/stm32cubeide_1.8.0/stm32cubeide/plugins/com.st.stm32cube.ide.mcu.externaltools.gnu-tools-for-stm32.9-2020-q2-update.win32_2.0.0.202105311346/tools/bin/../lib/gcc/arm-none-eabi/9.3.1/thumb/v7e-m+fp/hard/crtbegin.o

.rodata         0x0000000008005054       0x58
                0x0000000008005054                . = ALIGN (0x4)
 *(.rodata)
 .rodata        0x0000000008005054       0x3f ./Core/Src/main.o
 *(.rodata*)
 *fill*         0x0000000008005093        0x1 
 .rodata.AHBPrescTable
                0x0000000008005094       0x10 ./Core/Src/system_stm32f4xx.o
                0x0000000008005094                AHBPrescTable
 .rodata.APBPrescTable
                0x00000000080050a4        0x8 ./Core/Src/system_stm32f4xx.o
                0x00000000080050a4                APBPrescTable
                0x00000000080050ac                . = ALIGN (0x4)

.ARM.extab      0x00000000080050ac        0x0
                0x00000000080050ac                . = ALIGN (0x4)
 *(.ARM.extab* .gnu.linkonce.armextab.*)
                0x00000000080050ac                . = ALIGN (0x4)

.ARM            0x00000000080050ac        0x8
                0x00000000080050ac                . = ALIGN (0x4)
                0x00000000080050ac                __exidx_start = .
 *(.ARM.exidx*)
 .ARM.exidx     0x00000000080050ac        0x8 c:/st/stm32cubeide_1.8.0/stm32cubeide/plugins/com.st.stm32cube.ide.mcu.externaltools.gnu-tools-for-stm32.9-2020-q2-update.win32_2.0.0.202105311346/tools/bin/../lib/gcc/arm-none-eabi/9.3.1/thumb/v7e-m+fp/hard\libgcc.a(_udivmoddi4.o)
                0x00000000080050b4                __exidx_end = .
                0x00000000080050b4                . = ALIGN (0x4)

.rel.dyn        0x00000000080050b4        0x0
 .rel.iplt      0x00000000080050b4        0x0 c:/st/stm32cubeide_1.8.0/stm32cubeide/plugins/com.st.stm32cube.ide.mcu.externaltools.gnu-tools-for-stm32.9-2020-q2-update.win32_2.0.0.202105311346/tools/bin/../lib/gcc/arm-none-eabi/9.3.1/thumb/v7e-m+fp/hard/crtbegin.o

.preinit_array  0x00000000080050b4        0x0
                0x00000000080050b4                . = ALIGN (0x4)
                0x00000000080050b4                PROVIDE (__preinit_array_start = .)
 *(.preinit_array*)
                0x00000000080050b4                PROVIDE (__preinit_array_end = .)
                0x00000000080050b4                . = ALIGN (0x4)

.init_array     0x00000000080050b4        0x4
                0x00000000080050b4                . = ALIGN (0x4)
                0x00000000080050b4                PROVIDE (__init_array_start = .)
 *(SORT_BY_NAME(.init_array.*))
 *(.init_array*)
 .init_array    0x00000000080050b4        0x4 c:/st/stm32cubeide_1.8.0/stm32cubeide/plugins/com.st.stm32cube.ide.mcu.externaltools.gnu-tools-for-stm32.9-2020-q2-update.win32_2.0.0.202105311346/tools/bin/../lib/gcc/arm-none-eabi/9.3.1/thumb/v7e-m+fp/hard/crtbegin.o
                0x00000000080050b8                PROVIDE (__init_array_end = .)
                0x00000000080050b8                . = ALIGN (0x4)

.fini_array     0x00000000080050b8        0x4
                0x00000000080050b8                . = ALIGN (0x4)
                [!provide]                        PROVIDE (__fini_array_start = .)
 *(SORT_BY_NAME(.fini_array.*))
 *(.fini_array*)
 .fini_array    0x00000000080050b8        0x4 c:/st/stm32cubeide_1.8.0/stm32cubeide/plugins/com.st.stm32cube.ide.mcu.externaltools.gnu-tools-for-stm32.9-2020-q2-update.win32_2.0.0.202105311346/tools/bin/../lib/gcc/arm-none-eabi/9.3.1/thumb/v7e-m+fp/hard/crtbegin.o
                [!provide]                        PROVIDE (__fini_array_end = .)
                0x00000000080050bc                . = ALIGN (0x4)
                0x00000000080050bc                _sidata = LOADADDR (.data)

.data           0x0000000020000000       0x1c load address 0x00000000080050bc
                0x0000000020000000                . = ALIGN (0x4)
                0x0000000020000000                _sdata = .
 *(.data)
 *(.data*)
 .data.defaultKeyA
                0x0000000020000000       0x10 ./Core/Src/main.o
                0x0000000020000000                defaultKeyA
 .data.SystemCoreClock
                0x0000000020000010        0x4 ./Core/Src/system_stm32f4xx.o
                0x0000000020000010                SystemCoreClock
 .data.uwTickPrio
                0x0000000020000014        0x4 ./Drivers/STM32F4xx_HAL_Driver/Src/stm32f4xx_hal.o
                0x0000000020000014                uwTickPrio
 .data.uwTickFreq
                0x0000000020000018        0x1 ./Drivers/STM32F4xx_HAL_Driver/Src/stm32f4xx_hal.o
                0x0000000020000018                uwTickFreq
 *(.RamFunc)
 *(.RamFunc*)
                0x000000002000001c                . = ALIGN (0x4)
 *fill*         0x0000000020000019        0x3 
                0x000000002000001c                _edata = .

.igot.plt       0x000000002000001c        0x0 load address 0x00000000080050d8
 .igot.plt      0x000000002000001c        0x0 c:/st/stm32cubeide_1.8.0/stm32cubeide/plugins/com.st.stm32cube.ide.mcu.externaltools.gnu-tools-for-stm32.9-2020-q2-update.win32_2.0.0.202105311346/tools/bin/../lib/gcc/arm-none-eabi/9.3.1/thumb/v7e-m+fp/hard/crtbegin.o
                0x000000002000001c                . = ALIGN (0x4)

.bss            0x000000002000001c      0x1c8 load address 0x00000000080050d8
                0x000000002000001c                _sbss = .
                0x000000002000001c                __bss_start__ = _sbss
 *(.bss)
 .bss           0x000000002000001c       0x1c c:/st/stm32cubeide_1.8.0/stm32cubeide/plugins/com.st.stm32cube.ide.mcu.externaltools.gnu-tools-for-stm32.9-2020-q2-update.win32_2.0.0.202105311346/tools/bin/../lib/gcc/arm-none-eabi/9.3.1/thumb/v7e-m+fp/hard/crtbegin.o
 *(.bss*)
 .bss.clear     0x0000000020000038        0x1 ./Core/Src/main.o
                0x0000000020000038                clear
 *(COMMON)
 *fill*         0x0000000020000039        0x3 
 COMMON         0x000000002000003c       0x54 ./Core/Src/i2c.o
                0x000000002000003c                hi2c1
 COMMON         0x0000000020000090       0xb4 ./Core/Src/main.o
                0x0000000020000090                serNum
                0x0000000020000094                htim11
                0x00000000200000dc                c
                0x00000000200000e0                data
                0x00000000200000f0                numData
                0x00000000200000fc                htim2
 COMMON         0x0000000020000144       0x58 ./Core/Src/spi.o
                0x0000000020000144                hspi1
 COMMON         0x000000002000019c       0x44 ./Core/Src/usart.o
                0x000000002000019c                huart6
 COMMON         0x00000000200001e0        0x4 ./Drivers/STM32F4xx_HAL_Driver/Src/stm32f4xx_hal.o
                0x00000000200001e0                uwTick
                0x00000000200001e4                . = ALIGN (0x4)
                0x00000000200001e4                _ebss = .
                0x00000000200001e4                __bss_end__ = _ebss

._user_heap_stack
                0x00000000200001e4      0x604 load address 0x00000000080050d8
                0x00000000200001e8                . = ALIGN (0x8)
 *fill*         0x00000000200001e4        0x4 
                [!provide]                        PROVIDE (end = .)
                0x00000000200001e8                PROVIDE (_end = .)
                0x00000000200003e8                . = (. + _Min_Heap_Size)
 *fill*         0x00000000200001e8      0x200 
                0x00000000200007e8                . = (. + _Min_Stack_Size)
 *fill*         0x00000000200003e8      0x400 
                0x00000000200007e8                . = ALIGN (0x8)

/DISCARD/
 libc.a(*)
 libm.a(*)
 libgcc.a(*)

.ARM.attributes
                0x0000000000000000       0x30
 *(.ARM.attributes)
 .ARM.attributes
                0x0000000000000000       0x1e c:/st/stm32cubeide_1.8.0/stm32cubeide/plugins/com.st.stm32cube.ide.mcu.externaltools.gnu-tools-for-stm32.9-2020-q2-update.win32_2.0.0.202105311346/tools/bin/../lib/gcc/arm-none-eabi/9.3.1/thumb/v7e-m+fp/hard/crti.o
 .ARM.attributes
                0x000000000000001e       0x34 c:/st/stm32cubeide_1.8.0/stm32cubeide/plugins/com.st.stm32cube.ide.mcu.externaltools.gnu-tools-for-stm32.9-2020-q2-update.win32_2.0.0.202105311346/tools/bin/../lib/gcc/arm-none-eabi/9.3.1/thumb/v7e-m+fp/hard/crtbegin.o
 .ARM.attributes
                0x0000000000000052       0x34 ./Core/Src/gpio.o
 .ARM.attributes
                0x0000000000000086       0x34 ./Core/Src/i2c-lcd.o
 .ARM.attributes
                0x00000000000000ba       0x34 ./Core/Src/i2c.o
 .ARM.attributes
                0x00000000000000ee       0x34 ./Core/Src/main.o
 .ARM.attributes
                0x0000000000000122       0x34 ./Core/Src/mfrc522.o
 .ARM.attributes
                0x0000000000000156       0x34 ./Core/Src/spi.o
 .ARM.attributes
                0x000000000000018a       0x34 ./Core/Src/stm32f4xx_hal_msp.o
 .ARM.attributes
                0x00000000000001be       0x34 ./Core/Src/stm32f4xx_it.o
 .ARM.attributes
                0x00000000000001f2       0x34 ./Core/Src/system_stm32f4xx.o
 .ARM.attributes
                0x0000000000000226       0x34 ./Core/Src/tim.o
 .ARM.attributes
                0x000000000000025a       0x34 ./Core/Src/usart.o
 .ARM.attributes
                0x000000000000028e       0x21 ./Core/Startup/startup_stm32f411vetx.o
 .ARM.attributes
                0x00000000000002af       0x34 ./Drivers/STM32F4xx_HAL_Driver/Src/stm32f4xx_hal.o
 .ARM.attributes
                0x00000000000002e3       0x34 ./Drivers/STM32F4xx_HAL_Driver/Src/stm32f4xx_hal_cortex.o
 .ARM.attributes
                0x0000000000000317       0x34 ./Drivers/STM32F4xx_HAL_Driver/Src/stm32f4xx_hal_gpio.o
 .ARM.attributes
                0x000000000000034b       0x34 ./Drivers/STM32F4xx_HAL_Driver/Src/stm32f4xx_hal_i2c.o
 .ARM.attributes
                0x000000000000037f       0x34 ./Drivers/STM32F4xx_HAL_Driver/Src/stm32f4xx_hal_rcc.o
 .ARM.attributes
                0x00000000000003b3       0x34 ./Drivers/STM32F4xx_HAL_Driver/Src/stm32f4xx_hal_spi.o
 .ARM.attributes
                0x00000000000003e7       0x34 ./Drivers/STM32F4xx_HAL_Driver/Src/stm32f4xx_hal_tim.o
 .ARM.attributes
                0x000000000000041b       0x34 ./Drivers/STM32F4xx_HAL_Driver/Src/stm32f4xx_hal_tim_ex.o
 .ARM.attributes
                0x000000000000044f       0x34 ./Drivers/STM32F4xx_HAL_Driver/Src/stm32f4xx_hal_uart.o
 .ARM.attributes
                0x0000000000000483       0x34 c:/st/stm32cubeide_1.8.0/stm32cubeide/plugins/com.st.stm32cube.ide.mcu.externaltools.gnu-tools-for-stm32.9-2020-q2-update.win32_2.0.0.202105311346/tools/bin/../lib/gcc/arm-none-eabi/9.3.1/../../../../arm-none-eabi/lib/thumb/v7e-m+fp/hard\libc_nano.a(lib_a-init.o)
 .ARM.attributes
                0x00000000000004b7       0x34 c:/st/stm32cubeide_1.8.0/stm32cubeide/plugins/com.st.stm32cube.ide.mcu.externaltools.gnu-tools-for-stm32.9-2020-q2-update.win32_2.0.0.202105311346/tools/bin/../lib/gcc/arm-none-eabi/9.3.1/../../../../arm-none-eabi/lib/thumb/v7e-m+fp/hard\libc_nano.a(lib_a-memset.o)
 .ARM.attributes
                0x00000000000004eb       0x1e c:/st/stm32cubeide_1.8.0/stm32cubeide/plugins/com.st.stm32cube.ide.mcu.externaltools.gnu-tools-for-stm32.9-2020-q2-update.win32_2.0.0.202105311346/tools/bin/../lib/gcc/arm-none-eabi/9.3.1/thumb/v7e-m+fp/hard\libgcc.a(_aeabi_uldivmod.o)
 .ARM.attributes
                0x0000000000000509       0x34 c:/st/stm32cubeide_1.8.0/stm32cubeide/plugins/com.st.stm32cube.ide.mcu.externaltools.gnu-tools-for-stm32.9-2020-q2-update.win32_2.0.0.202105311346/tools/bin/../lib/gcc/arm-none-eabi/9.3.1/thumb/v7e-m+fp/hard\libgcc.a(_udivmoddi4.o)
 .ARM.attributes
                0x000000000000053d       0x1e c:/st/stm32cubeide_1.8.0/stm32cubeide/plugins/com.st.stm32cube.ide.mcu.externaltools.gnu-tools-for-stm32.9-2020-q2-update.win32_2.0.0.202105311346/tools/bin/../lib/gcc/arm-none-eabi/9.3.1/thumb/v7e-m+fp/hard\libgcc.a(_dvmd_tls.o)
 .ARM.attributes
                0x000000000000055b       0x1e c:/st/stm32cubeide_1.8.0/stm32cubeide/plugins/com.st.stm32cube.ide.mcu.externaltools.gnu-tools-for-stm32.9-2020-q2-update.win32_2.0.0.202105311346/tools/bin/../lib/gcc/arm-none-eabi/9.3.1/thumb/v7e-m+fp/hard/crtn.o
OUTPUT(Main.elf elf32-littlearm)
LOAD linker stubs
LOAD c:/st/stm32cubeide_1.8.0/stm32cubeide/plugins/com.st.stm32cube.ide.mcu.externaltools.gnu-tools-for-stm32.9-2020-q2-update.win32_2.0.0.202105311346/tools/bin/../lib/gcc/arm-none-eabi/9.3.1/../../../../arm-none-eabi/lib/thumb/v7e-m+fp/hard\libc.a
LOAD c:/st/stm32cubeide_1.8.0/stm32cubeide/plugins/com.st.stm32cube.ide.mcu.externaltools.gnu-tools-for-stm32.9-2020-q2-update.win32_2.0.0.202105311346/tools/bin/../lib/gcc/arm-none-eabi/9.3.1/../../../../arm-none-eabi/lib/thumb/v7e-m+fp/hard\libm.a
LOAD c:/st/stm32cubeide_1.8.0/stm32cubeide/plugins/com.st.stm32cube.ide.mcu.externaltools.gnu-tools-for-stm32.9-2020-q2-update.win32_2.0.0.202105311346/tools/bin/../lib/gcc/arm-none-eabi/9.3.1/thumb/v7e-m+fp/hard\libgcc.a

.debug_info     0x0000000000000000    0x1644b
 .debug_info    0x0000000000000000      0x70d ./Core/Src/gpio.o
 .debug_info    0x000000000000070d      0x832 ./Core/Src/i2c-lcd.o
 .debug_info    0x0000000000000f3f      0xaaf ./Core/Src/i2c.o
 .debug_info    0x00000000000019ee     0x1fd1 ./Core/Src/main.o
 .debug_info    0x00000000000039bf     0x18b8 ./Core/Src/mfrc522.o
 .debug_info    0x0000000000005277      0xc13 ./Core/Src/spi.o
 .debug_info    0x0000000000005e8a      0x3c0 ./Core/Src/stm32f4xx_hal_msp.o
 .debug_info    0x000000000000624a      0x85a ./Core/Src/stm32f4xx_it.o
 .debug_info    0x0000000000006aa4      0x5d0 ./Core/Src/system_stm32f4xx.o
 .debug_info    0x0000000000007074      0xe4d ./Core/Src/tim.o
 .debug_info    0x0000000000007ec1      0xa28 ./Core/Src/usart.o
 .debug_info    0x00000000000088e9       0x22 ./Core/Startup/startup_stm32f411vetx.o
 .debug_info    0x000000000000890b      0x944 ./Drivers/STM32F4xx_HAL_Driver/Src/stm32f4xx_hal.o
 .debug_info    0x000000000000924f      0xe47 ./Drivers/STM32F4xx_HAL_Driver/Src/stm32f4xx_hal_cortex.o
 .debug_info    0x000000000000a096      0x862 ./Drivers/STM32F4xx_HAL_Driver/Src/stm32f4xx_hal_gpio.o
 .debug_info    0x000000000000a8f8     0x2653 ./Drivers/STM32F4xx_HAL_Driver/Src/stm32f4xx_hal_i2c.o
 .debug_info    0x000000000000cf4b      0x9be ./Drivers/STM32F4xx_HAL_Driver/Src/stm32f4xx_hal_rcc.o
 .debug_info    0x000000000000d909     0x17b8 ./Drivers/STM32F4xx_HAL_Driver/Src/stm32f4xx_hal_spi.o
 .debug_info    0x000000000000f0c1     0x2c1a ./Drivers/STM32F4xx_HAL_Driver/Src/stm32f4xx_hal_tim.o
 .debug_info    0x0000000000011cdb     0x159a ./Drivers/STM32F4xx_HAL_Driver/Src/stm32f4xx_hal_tim_ex.o
 .debug_info    0x0000000000013275     0x31d6 ./Drivers/STM32F4xx_HAL_Driver/Src/stm32f4xx_hal_uart.o

.debug_abbrev   0x0000000000000000     0x2b60
 .debug_abbrev  0x0000000000000000      0x157 ./Core/Src/gpio.o
 .debug_abbrev  0x0000000000000157      0x1dd ./Core/Src/i2c-lcd.o
 .debug_abbrev  0x0000000000000334      0x1bb ./Core/Src/i2c.o
 .debug_abbrev  0x00000000000004ef      0x325 ./Core/Src/main.o
 .debug_abbrev  0x0000000000000814      0x324 ./Core/Src/mfrc522.o
 .debug_abbrev  0x0000000000000b38      0x1c4 ./Core/Src/spi.o
 .debug_abbrev  0x0000000000000cfc      0x11d ./Core/Src/stm32f4xx_hal_msp.o
 .debug_abbrev  0x0000000000000e19      0x1a1 ./Core/Src/stm32f4xx_it.o
 .debug_abbrev  0x0000000000000fba      0x145 ./Core/Src/system_stm32f4xx.o
 .debug_abbrev  0x00000000000010ff      0x1f1 ./Core/Src/tim.o
 .debug_abbrev  0x00000000000012f0      0x1bb ./Core/Src/usart.o
 .debug_abbrev  0x00000000000014ab       0x12 ./Core/Startup/startup_stm32f411vetx.o
 .debug_abbrev  0x00000000000014bd      0x21e ./Drivers/STM32F4xx_HAL_Driver/Src/stm32f4xx_hal.o
 .debug_abbrev  0x00000000000016db      0x33c ./Drivers/STM32F4xx_HAL_Driver/Src/stm32f4xx_hal_cortex.o
 .debug_abbrev  0x0000000000001a17      0x1f1 ./Drivers/STM32F4xx_HAL_Driver/Src/stm32f4xx_hal_gpio.o
 .debug_abbrev  0x0000000000001c08      0x293 ./Drivers/STM32F4xx_HAL_Driver/Src/stm32f4xx_hal_i2c.o
 .debug_abbrev  0x0000000000001e9b      0x275 ./Drivers/STM32F4xx_HAL_Driver/Src/stm32f4xx_hal_rcc.o
 .debug_abbrev  0x0000000000002110      0x26e ./Drivers/STM32F4xx_HAL_Driver/Src/stm32f4xx_hal_spi.o
 .debug_abbrev  0x000000000000237e      0x26f ./Drivers/STM32F4xx_HAL_Driver/Src/stm32f4xx_hal_tim.o
 .debug_abbrev  0x00000000000025ed      0x277 ./Drivers/STM32F4xx_HAL_Driver/Src/stm32f4xx_hal_tim_ex.o
 .debug_abbrev  0x0000000000002864      0x2fc ./Drivers/STM32F4xx_HAL_Driver/Src/stm32f4xx_hal_uart.o

.debug_aranges  0x0000000000000000     0x1270
 .debug_aranges
                0x0000000000000000       0x20 ./Core/Src/gpio.o
 .debug_aranges
                0x0000000000000020       0x48 ./Core/Src/i2c-lcd.o
 .debug_aranges
                0x0000000000000068       0x30 ./Core/Src/i2c.o
 .debug_aranges
                0x0000000000000098       0x68 ./Core/Src/main.o
 .debug_aranges
                0x0000000000000100      0x148 ./Core/Src/mfrc522.o
 .debug_aranges
                0x0000000000000248       0x30 ./Core/Src/spi.o
 .debug_aranges
                0x0000000000000278       0x20 ./Core/Src/stm32f4xx_hal_msp.o
 .debug_aranges
                0x0000000000000298       0x88 ./Core/Src/stm32f4xx_it.o
 .debug_aranges
                0x0000000000000320       0x28 ./Core/Src/system_stm32f4xx.o
 .debug_aranges
                0x0000000000000348       0x40 ./Core/Src/tim.o
 .debug_aranges
                0x0000000000000388       0x30 ./Core/Src/usart.o
 .debug_aranges
                0x00000000000003b8       0x28 ./Core/Startup/startup_stm32f411vetx.o
 .debug_aranges
                0x00000000000003e0       0xf0 ./Drivers/STM32F4xx_HAL_Driver/Src/stm32f4xx_hal.o
 .debug_aranges
                0x00000000000004d0      0x118 ./Drivers/STM32F4xx_HAL_Driver/Src/stm32f4xx_hal_cortex.o
 .debug_aranges
                0x00000000000005e8       0x58 ./Drivers/STM32F4xx_HAL_Driver/Src/stm32f4xx_hal_gpio.o
 .debug_aranges
                0x0000000000000640      0x2a0 ./Drivers/STM32F4xx_HAL_Driver/Src/stm32f4xx_hal_i2c.o
 .debug_aranges
                0x00000000000008e0       0x88 ./Drivers/STM32F4xx_HAL_Driver/Src/stm32f4xx_hal_rcc.o
 .debug_aranges
                0x0000000000000968      0x1d0 ./Drivers/STM32F4xx_HAL_Driver/Src/stm32f4xx_hal_spi.o
 .debug_aranges
                0x0000000000000b38      0x3d0 ./Drivers/STM32F4xx_HAL_Driver/Src/stm32f4xx_hal_tim.o
 .debug_aranges
                0x0000000000000f08      0x168 ./Drivers/STM32F4xx_HAL_Driver/Src/stm32f4xx_hal_tim_ex.o
 .debug_aranges
                0x0000000000001070      0x200 ./Drivers/STM32F4xx_HAL_Driver/Src/stm32f4xx_hal_uart.o

.debug_ranges   0x0000000000000000     0x1180
 .debug_ranges  0x0000000000000000       0x10 ./Core/Src/gpio.o
 .debug_ranges  0x0000000000000010       0x38 ./Core/Src/i2c-lcd.o
 .debug_ranges  0x0000000000000048       0x20 ./Core/Src/i2c.o
 .debug_ranges  0x0000000000000068       0x58 ./Core/Src/main.o
 .debug_ranges  0x00000000000000c0      0x138 ./Core/Src/mfrc522.o
 .debug_ranges  0x00000000000001f8       0x20 ./Core/Src/spi.o
 .debug_ranges  0x0000000000000218       0x10 ./Core/Src/stm32f4xx_hal_msp.o
 .debug_ranges  0x0000000000000228       0x78 ./Core/Src/stm32f4xx_it.o
 .debug_ranges  0x00000000000002a0       0x18 ./Core/Src/system_stm32f4xx.o
 .debug_ranges  0x00000000000002b8       0x30 ./Core/Src/tim.o
 .debug_ranges  0x00000000000002e8       0x20 ./Core/Src/usart.o
 .debug_ranges  0x0000000000000308       0x20 ./Core/Startup/startup_stm32f411vetx.o
 .debug_ranges  0x0000000000000328       0xe0 ./Drivers/STM32F4xx_HAL_Driver/Src/stm32f4xx_hal.o
 .debug_ranges  0x0000000000000408      0x108 ./Drivers/STM32F4xx_HAL_Driver/Src/stm32f4xx_hal_cortex.o
 .debug_ranges  0x0000000000000510       0x48 ./Drivers/STM32F4xx_HAL_Driver/Src/stm32f4xx_hal_gpio.o
 .debug_ranges  0x0000000000000558      0x2b8 ./Drivers/STM32F4xx_HAL_Driver/Src/stm32f4xx_hal_i2c.o
 .debug_ranges  0x0000000000000810       0x78 ./Drivers/STM32F4xx_HAL_Driver/Src/stm32f4xx_hal_rcc.o
 .debug_ranges  0x0000000000000888      0x1c0 ./Drivers/STM32F4xx_HAL_Driver/Src/stm32f4xx_hal_spi.o
 .debug_ranges  0x0000000000000a48      0x3c0 ./Drivers/STM32F4xx_HAL_Driver/Src/stm32f4xx_hal_tim.o
 .debug_ranges  0x0000000000000e08      0x158 ./Drivers/STM32F4xx_HAL_Driver/Src/stm32f4xx_hal_tim_ex.o
 .debug_ranges  0x0000000000000f60      0x220 ./Drivers/STM32F4xx_HAL_Driver/Src/stm32f4xx_hal_uart.o

.debug_macro    0x0000000000000000    0x1855b
 .debug_macro   0x0000000000000000      0x214 ./Core/Src/gpio.o
 .debug_macro   0x0000000000000214      0xaa8 ./Core/Src/gpio.o
 .debug_macro   0x0000000000000cbc      0x2ad ./Core/Src/gpio.o
 .debug_macro   0x0000000000000f69       0x2e ./Core/Src/gpio.o
 .debug_macro   0x0000000000000f97       0x28 ./Core/Src/gpio.o
 .debug_macro   0x0000000000000fbf       0x22 ./Core/Src/gpio.o
 .debug_macro   0x0000000000000fe1       0x8e ./Core/Src/gpio.o
 .debug_macro   0x000000000000106f       0x51 ./Core/Src/gpio.o
 .debug_macro   0x00000000000010c0      0x103 ./Core/Src/gpio.o
 .debug_macro   0x00000000000011c3       0x6a ./Core/Src/gpio.o
 .debug_macro   0x000000000000122d      0x1df ./Core/Src/gpio.o
 .debug_macro   0x000000000000140c       0x1c ./Core/Src/gpio.o
 .debug_macro   0x0000000000001428       0x22 ./Core/Src/gpio.o
 .debug_macro   0x000000000000144a       0xdf ./Core/Src/gpio.o
 .debug_macro   0x0000000000001529     0x102d ./Core/Src/gpio.o
 .debug_macro   0x0000000000002556      0x11f ./Core/Src/gpio.o
 .debug_macro   0x0000000000002675     0xb953 ./Core/Src/gpio.o
 .debug_macro   0x000000000000dfc8       0x6d ./Core/Src/gpio.o
 .debug_macro   0x000000000000e035     0x3666 ./Core/Src/gpio.o
 .debug_macro   0x000000000001169b      0x174 ./Core/Src/gpio.o
 .debug_macro   0x000000000001180f       0x5c ./Core/Src/gpio.o
 .debug_macro   0x000000000001186b      0x447 ./Core/Src/gpio.o
 .debug_macro   0x0000000000011cb2      0x9fe ./Core/Src/gpio.o
 .debug_macro   0x00000000000126b0      0x116 ./Core/Src/gpio.o
 .debug_macro   0x00000000000127c6      0x11b ./Core/Src/gpio.o
 .debug_macro   0x00000000000128e1       0xa5 ./Core/Src/gpio.o
 .debug_macro   0x0000000000012986      0x15f ./Core/Src/gpio.o
 .debug_macro   0x0000000000012ae5      0x287 ./Core/Src/gpio.o
 .debug_macro   0x0000000000012d6c       0x5f ./Core/Src/gpio.o
 .debug_macro   0x0000000000012dcb      0x236 ./Core/Src/gpio.o
 .debug_macro   0x0000000000013001      0x132 ./Core/Src/gpio.o
 .debug_macro   0x0000000000013133      0x264 ./Core/Src/gpio.o
 .debug_macro   0x0000000000013397       0x2e ./Core/Src/gpio.o
 .debug_macro   0x00000000000133c5      0x1b5 ./Core/Src/gpio.o
 .debug_macro   0x000000000001357a       0x22 ./Core/Src/gpio.o
 .debug_macro   0x000000000001359c       0xd6 ./Core/Src/gpio.o
 .debug_macro   0x0000000000013672       0x78 ./Core/Src/gpio.o
 .debug_macro   0x00000000000136ea      0x11a ./Core/Src/gpio.o
 .debug_macro   0x0000000000013804       0x85 ./Core/Src/gpio.o
 .debug_macro   0x0000000000013889       0x89 ./Core/Src/gpio.o
 .debug_macro   0x0000000000013912      0x225 ./Core/Src/gpio.o
 .debug_macro   0x0000000000013b37      0x8d1 ./Core/Src/gpio.o
 .debug_macro   0x0000000000014408       0x47 ./Core/Src/gpio.o
 .debug_macro   0x000000000001444f      0x295 ./Core/Src/gpio.o
 .debug_macro   0x00000000000146e4      0x126 ./Core/Src/gpio.o
 .debug_macro   0x000000000001480a       0xbe ./Core/Src/gpio.o
 .debug_macro   0x00000000000148c8      0x205 ./Core/Src/i2c-lcd.o
 .debug_macro   0x0000000000014acd      0x214 ./Core/Src/i2c.o
 .debug_macro   0x0000000000014ce1      0x3f9 ./Core/Src/main.o
 .debug_macro   0x00000000000150da      0x2ac ./Core/Src/main.o
 .debug_macro   0x0000000000015386       0x52 ./Core/Src/main.o
 .debug_macro   0x00000000000153d8       0x18 ./Core/Src/main.o
 .debug_macro   0x00000000000153f0       0x3c ./Core/Src/main.o
 .debug_macro   0x000000000001542c       0x34 ./Core/Src/main.o
 .debug_macro   0x0000000000015460       0x16 ./Core/Src/main.o
 .debug_macro   0x0000000000015476       0x35 ./Core/Src/main.o
 .debug_macro   0x00000000000154ab      0x333 ./Core/Src/main.o
 .debug_macro   0x00000000000157de       0x10 ./Core/Src/main.o
 .debug_macro   0x00000000000157ee       0x16 ./Core/Src/main.o
 .debug_macro   0x0000000000015804       0x43 ./Core/Src/main.o
 .debug_macro   0x0000000000015847       0x34 ./Core/Src/main.o
 .debug_macro   0x000000000001587b       0x10 ./Core/Src/main.o
 .debug_macro   0x000000000001588b       0x58 ./Core/Src/main.o
 .debug_macro   0x00000000000158e3       0x71 ./Core/Src/main.o
 .debug_macro   0x0000000000015954       0x1c ./Core/Src/main.o
 .debug_macro   0x0000000000015970      0x12a ./Core/Src/main.o
 .debug_macro   0x0000000000015a9a       0x10 ./Core/Src/main.o
 .debug_macro   0x0000000000015aaa       0x1c ./Core/Src/main.o
 .debug_macro   0x0000000000015ac6       0x52 ./Core/Src/main.o
 .debug_macro   0x0000000000015b18       0x22 ./Core/Src/main.o
 .debug_macro   0x0000000000015b3a       0x10 ./Core/Src/main.o
 .debug_macro   0x0000000000015b4a       0x40 ./Core/Src/main.o
 .debug_macro   0x0000000000015b8a       0xd5 ./Core/Src/main.o
 .debug_macro   0x0000000000015c5f       0x1c ./Core/Src/main.o
 .debug_macro   0x0000000000015c7b       0x3d ./Core/Src/main.o
 .debug_macro   0x0000000000015cb8       0x16 ./Core/Src/main.o
 .debug_macro   0x0000000000015cce      0x145 ./Core/Src/main.o
 .debug_macro   0x0000000000015e13      0x1a9 ./Core/Src/main.o
 .debug_macro   0x0000000000015fbc       0x16 ./Core/Src/main.o
 .debug_macro   0x0000000000015fd2       0x20 ./Core/Src/main.o
 .debug_macro   0x0000000000015ff2      0x2e5 ./Core/Src/mfrc522.o
 .debug_macro   0x00000000000162d7       0xc4 ./Core/Src/mfrc522.o
 .debug_macro   0x000000000001639b      0x2a6 ./Core/Src/mfrc522.o
 .debug_macro   0x0000000000016641       0x10 ./Core/Src/mfrc522.o
 .debug_macro   0x0000000000016651      0x214 ./Core/Src/spi.o
 .debug_macro   0x0000000000016865      0x20a ./Core/Src/stm32f4xx_hal_msp.o
 .debug_macro   0x0000000000016a6f      0x214 ./Core/Src/stm32f4xx_it.o
 .debug_macro   0x0000000000016c83      0x1fb ./Core/Src/system_stm32f4xx.o
 .debug_macro   0x0000000000016e7e      0x214 ./Core/Src/tim.o
 .debug_macro   0x0000000000017092      0x214 ./Core/Src/usart.o
 .debug_macro   0x00000000000172a6      0x25b ./Drivers/STM32F4xx_HAL_Driver/Src/stm32f4xx_hal.o
 .debug_macro   0x0000000000017501      0x1fb ./Drivers/STM32F4xx_HAL_Driver/Src/stm32f4xx_hal_cortex.o
 .debug_macro   0x00000000000176fc      0x201 ./Drivers/STM32F4xx_HAL_Driver/Src/stm32f4xx_hal_gpio.o
 .debug_macro   0x00000000000178fd      0x242 ./Drivers/STM32F4xx_HAL_Driver/Src/stm32f4xx_hal_i2c.o
 .debug_macro   0x0000000000017b3f      0x21f ./Drivers/STM32F4xx_HAL_Driver/Src/stm32f4xx_hal_rcc.o
 .debug_macro   0x0000000000017d5e      0x20a ./Drivers/STM32F4xx_HAL_Driver/Src/stm32f4xx_hal_spi.o
 .debug_macro   0x0000000000017f68      0x1fc ./Drivers/STM32F4xx_HAL_Driver/Src/stm32f4xx_hal_tim.o
 .debug_macro   0x0000000000018164      0x1fb ./Drivers/STM32F4xx_HAL_Driver/Src/stm32f4xx_hal_tim_ex.o
 .debug_macro   0x000000000001835f      0x1fc ./Drivers/STM32F4xx_HAL_Driver/Src/stm32f4xx_hal_uart.o

.debug_line     0x0000000000000000    0x1676a
 .debug_line    0x0000000000000000      0x77e ./Core/Src/gpio.o
 .debug_line    0x000000000000077e      0x806 ./Core/Src/i2c-lcd.o
 .debug_line    0x0000000000000f84      0x790 ./Core/Src/i2c.o
 .debug_line    0x0000000000001714      0xc53 ./Core/Src/main.o
 .debug_line    0x0000000000002367     0x15d9 ./Core/Src/mfrc522.o
 .debug_line    0x0000000000003940      0x79e ./Core/Src/spi.o
 .debug_line    0x00000000000040de      0x726 ./Core/Src/stm32f4xx_hal_msp.o
 .debug_line    0x0000000000004804      0x862 ./Core/Src/stm32f4xx_it.o
 .debug_line    0x0000000000005066      0x7a8 ./Core/Src/system_stm32f4xx.o
 .debug_line    0x000000000000580e      0x840 ./Core/Src/tim.o
 .debug_line    0x000000000000604e      0x790 ./Core/Src/usart.o
 .debug_line    0x00000000000067de       0x88 ./Core/Startup/startup_stm32f411vetx.o
 .debug_line    0x0000000000006866      0xa0e ./Drivers/STM32F4xx_HAL_Driver/Src/stm32f4xx_hal.o
 .debug_line    0x0000000000007274      0xcbd ./Drivers/STM32F4xx_HAL_Driver/Src/stm32f4xx_hal_cortex.o
 .debug_line    0x0000000000007f31      0xb48 ./Drivers/STM32F4xx_HAL_Driver/Src/stm32f4xx_hal_gpio.o
 .debug_line    0x0000000000008a79     0x39ba ./Drivers/STM32F4xx_HAL_Driver/Src/stm32f4xx_hal_i2c.o
 .debug_line    0x000000000000c433      0xd8a ./Drivers/STM32F4xx_HAL_Driver/Src/stm32f4xx_hal_rcc.o
 .debug_line    0x000000000000d1bd     0x1c96 ./Drivers/STM32F4xx_HAL_Driver/Src/stm32f4xx_hal_spi.o
 .debug_line    0x000000000000ee53     0x34dc ./Drivers/STM32F4xx_HAL_Driver/Src/stm32f4xx_hal_tim.o
 .debug_line    0x000000000001232f     0x19a6 ./Drivers/STM32F4xx_HAL_Driver/Src/stm32f4xx_hal_tim_ex.o
 .debug_line    0x0000000000013cd5     0x2a95 ./Drivers/STM32F4xx_HAL_Driver/Src/stm32f4xx_hal_uart.o

.debug_str      0x0000000000000000    0x93f85
 .debug_str     0x0000000000000000    0x8a2cd ./Core/Src/gpio.o
                                      0x8a5a3 (size before relaxing)
 .debug_str     0x000000000008a2cd      0x501 ./Core/Src/i2c-lcd.o
                                      0x8a237 (size before relaxing)
 .debug_str     0x000000000008a7ce       0x7c ./Core/Src/i2c.o
                                      0x8a712 (size before relaxing)
 .debug_str     0x000000000008a84a     0x5a51 ./Core/Src/main.o
                                      0x902c1 (size before relaxing)
 .debug_str     0x000000000009029b      0x34c ./Core/Src/mfrc522.o
                                      0x8e01e (size before relaxing)
 .debug_str     0x00000000000905e7       0x4b ./Core/Src/spi.o
                                      0x8aa00 (size before relaxing)
 .debug_str     0x0000000000090632       0x2c ./Core/Src/stm32f4xx_hal_msp.o
                                      0x8a170 (size before relaxing)
 .debug_str     0x000000000009065e      0x125 ./Core/Src/stm32f4xx_it.o
                                      0x8a690 (size before relaxing)
 .debug_str     0x0000000000090783       0xaf ./Core/Src/system_stm32f4xx.o
                                      0x89e79 (size before relaxing)
 .debug_str     0x0000000000090832      0x188 ./Core/Src/tim.o
                                      0x8ac49 (size before relaxing)
 .debug_str     0x00000000000909ba       0x57 ./Core/Src/usart.o
                                      0x8a672 (size before relaxing)
 .debug_str     0x0000000000090a11       0x36 ./Core/Startup/startup_stm32f411vetx.o
                                         0x67 (size before relaxing)
 .debug_str     0x0000000000090a47      0x583 ./Drivers/STM32F4xx_HAL_Driver/Src/stm32f4xx_hal.o
                                      0x8a803 (size before relaxing)
 .debug_str     0x0000000000090fca      0x399 ./Drivers/STM32F4xx_HAL_Driver/Src/stm32f4xx_hal_cortex.o
                                      0x8a5e0 (size before relaxing)
 .debug_str     0x0000000000091363      0x13f ./Drivers/STM32F4xx_HAL_Driver/Src/stm32f4xx_hal_gpio.o
                                      0x8a020 (size before relaxing)
 .debug_str     0x00000000000914a2      0xabd ./Drivers/STM32F4xx_HAL_Driver/Src/stm32f4xx_hal_i2c.o
                                      0x8adee (size before relaxing)
 .debug_str     0x0000000000091f5f      0x24e ./Drivers/STM32F4xx_HAL_Driver/Src/stm32f4xx_hal_rcc.o
                                      0x8a27b (size before relaxing)
 .debug_str     0x00000000000921ad      0x564 ./Drivers/STM32F4xx_HAL_Driver/Src/stm32f4xx_hal_spi.o
                                      0x8a70b (size before relaxing)
 .debug_str     0x0000000000092711      0xd90 ./Drivers/STM32F4xx_HAL_Driver/Src/stm32f4xx_hal_tim.o
                                      0x8b196 (size before relaxing)
 .debug_str     0x00000000000934a1      0x4ee ./Drivers/STM32F4xx_HAL_Driver/Src/stm32f4xx_hal_tim_ex.o
                                      0x8a947 (size before relaxing)
 .debug_str     0x000000000009398f      0x5f6 ./Drivers/STM32F4xx_HAL_Driver/Src/stm32f4xx_hal_uart.o
                                      0x8a7ef (size before relaxing)

.comment        0x0000000000000000       0x53
 .comment       0x0000000000000000       0x53 ./Core/Src/gpio.o
                                         0x54 (size before relaxing)
 .comment       0x0000000000000053       0x54 ./Core/Src/i2c-lcd.o
 .comment       0x0000000000000053       0x54 ./Core/Src/i2c.o
 .comment       0x0000000000000053       0x54 ./Core/Src/main.o
 .comment       0x0000000000000053       0x54 ./Core/Src/mfrc522.o
 .comment       0x0000000000000053       0x54 ./Core/Src/spi.o
 .comment       0x0000000000000053       0x54 ./Core/Src/stm32f4xx_hal_msp.o
 .comment       0x0000000000000053       0x54 ./Core/Src/stm32f4xx_it.o
 .comment       0x0000000000000053       0x54 ./Core/Src/system_stm32f4xx.o
 .comment       0x0000000000000053       0x54 ./Core/Src/tim.o
 .comment       0x0000000000000053       0x54 ./Core/Src/usart.o
 .comment       0x0000000000000053       0x54 ./Drivers/STM32F4xx_HAL_Driver/Src/stm32f4xx_hal.o
 .comment       0x0000000000000053       0x54 ./Drivers/STM32F4xx_HAL_Driver/Src/stm32f4xx_hal_cortex.o
 .comment       0x0000000000000053       0x54 ./Drivers/STM32F4xx_HAL_Driver/Src/stm32f4xx_hal_gpio.o
 .comment       0x0000000000000053       0x54 ./Drivers/STM32F4xx_HAL_Driver/Src/stm32f4xx_hal_i2c.o
 .comment       0x0000000000000053       0x54 ./Drivers/STM32F4xx_HAL_Driver/Src/stm32f4xx_hal_rcc.o
 .comment       0x0000000000000053       0x54 ./Drivers/STM32F4xx_HAL_Driver/Src/stm32f4xx_hal_spi.o
 .comment       0x0000000000000053       0x54 ./Drivers/STM32F4xx_HAL_Driver/Src/stm32f4xx_hal_tim.o
 .comment       0x0000000000000053       0x54 ./Drivers/STM32F4xx_HAL_Driver/Src/stm32f4xx_hal_tim_ex.o
 .comment       0x0000000000000053       0x54 ./Drivers/STM32F4xx_HAL_Driver/Src/stm32f4xx_hal_uart.o

.debug_frame    0x0000000000000000     0x4dd8
 .debug_frame   0x0000000000000000       0x34 ./Core/Src/gpio.o
 .debug_frame   0x0000000000000034       0xe0 ./Core/Src/i2c-lcd.o
 .debug_frame   0x0000000000000114       0x74 ./Core/Src/i2c.o
 .debug_frame   0x0000000000000188      0x174 ./Core/Src/main.o
 .debug_frame   0x00000000000002fc      0x584 ./Core/Src/mfrc522.o
 .debug_frame   0x0000000000000880       0x74 ./Core/Src/spi.o
 .debug_frame   0x00000000000008f4       0x38 ./Core/Src/stm32f4xx_hal_msp.o
 .debug_frame   0x000000000000092c      0x190 ./Core/Src/stm32f4xx_it.o
 .debug_frame   0x0000000000000abc       0x58 ./Core/Src/system_stm32f4xx.o
 .debug_frame   0x0000000000000b14       0xbc ./Core/Src/tim.o
 .debug_frame   0x0000000000000bd0       0x74 ./Core/Src/usart.o
 .debug_frame   0x0000000000000c44      0x374 ./Drivers/STM32F4xx_HAL_Driver/Src/stm32f4xx_hal.o
 .debug_frame   0x0000000000000fb8      0x498 ./Drivers/STM32F4xx_HAL_Driver/Src/stm32f4xx_hal_cortex.o
 .debug_frame   0x0000000000001450      0x14c ./Drivers/STM32F4xx_HAL_Driver/Src/stm32f4xx_hal_gpio.o
 .debug_frame   0x000000000000159c      0xc5c ./Drivers/STM32F4xx_HAL_Driver/Src/stm32f4xx_hal_i2c.o
 .debug_frame   0x00000000000021f8      0x1f0 ./Drivers/STM32F4xx_HAL_Driver/Src/stm32f4xx_hal_rcc.o
 .debug_frame   0x00000000000023e8      0x824 ./Drivers/STM32F4xx_HAL_Driver/Src/stm32f4xx_hal_spi.o
 .debug_frame   0x0000000000002c0c     0x11bc ./Drivers/STM32F4xx_HAL_Driver/Src/stm32f4xx_hal_tim.o
 .debug_frame   0x0000000000003dc8      0x638 ./Drivers/STM32F4xx_HAL_Driver/Src/stm32f4xx_hal_tim_ex.o
 .debug_frame   0x0000000000004400      0x92c ./Drivers/STM32F4xx_HAL_Driver/Src/stm32f4xx_hal_uart.o
 .debug_frame   0x0000000000004d2c       0x2c c:/st/stm32cubeide_1.8.0/stm32cubeide/plugins/com.st.stm32cube.ide.mcu.externaltools.gnu-tools-for-stm32.9-2020-q2-update.win32_2.0.0.202105311346/tools/bin/../lib/gcc/arm-none-eabi/9.3.1/../../../../arm-none-eabi/lib/thumb/v7e-m+fp/hard\libc_nano.a(lib_a-init.o)
 .debug_frame   0x0000000000004d58       0x20 c:/st/stm32cubeide_1.8.0/stm32cubeide/plugins/com.st.stm32cube.ide.mcu.externaltools.gnu-tools-for-stm32.9-2020-q2-update.win32_2.0.0.202105311346/tools/bin/../lib/gcc/arm-none-eabi/9.3.1/../../../../arm-none-eabi/lib/thumb/v7e-m+fp/hard\libc_nano.a(lib_a-memset.o)
 .debug_frame   0x0000000000004d78       0x2c c:/st/stm32cubeide_1.8.0/stm32cubeide/plugins/com.st.stm32cube.ide.mcu.externaltools.gnu-tools-for-stm32.9-2020-q2-update.win32_2.0.0.202105311346/tools/bin/../lib/gcc/arm-none-eabi/9.3.1/thumb/v7e-m+fp/hard\libgcc.a(_aeabi_uldivmod.o)
 .debug_frame   0x0000000000004da4       0x34 c:/st/stm32cubeide_1.8.0/stm32cubeide/plugins/com.st.stm32cube.ide.mcu.externaltools.gnu-tools-for-stm32.9-2020-q2-update.win32_2.0.0.202105311346/tools/bin/../lib/gcc/arm-none-eabi/9.3.1/thumb/v7e-m+fp/hard\libgcc.a(_udivmoddi4.o)
